Archive member included to satisfy reference by file (symbol)

app/libapp.a(main.c.obj)      (--whole-archive)
zephyr/libzephyr.a(heap.c.obj)
                              (--whole-archive)
zephyr/libzephyr.a(cbprintf_packaged.c.obj)
                              (--whole-archive)
zephyr/libzephyr.a(printk.c.obj)
                              (--whole-archive)
zephyr/libzephyr.a(sem.c.obj)
                              (--whole-archive)
zephyr/libzephyr.a(thread_entry.c.obj)
                              (--whole-archive)
zephyr/libzephyr.a(cbprintf_complete.c.obj)
                              (--whole-archive)
zephyr/libzephyr.a(assert.c.obj)
                              (--whole-archive)
zephyr/libzephyr.a(dec.c.obj)
                              (--whole-archive)
zephyr/libzephyr.a(hex.c.obj)
                              (--whole-archive)
zephyr/libzephyr.a(rb.c.obj)  (--whole-archive)
zephyr/libzephyr.a(timeutil.c.obj)
                              (--whole-archive)
zephyr/libzephyr.a(bitarray.c.obj)
                              (--whole-archive)
zephyr/libzephyr.a(ring_buffer.c.obj)
                              (--whole-archive)
zephyr/libzephyr.a(configs.c.obj)
                              (--whole-archive)
zephyr/libzephyr.a(mmu_regions.c.obj)
                              (--whole-archive)
zephyr/libzephyr.a(tracing_none.c.obj)
                              (--whole-archive)
zephyr/arch/common/libarch__common.a(sw_isr_common.c.obj)
                              (--whole-archive)
zephyr/arch/arch/arm64/core/libarch__arm64__core.a(cpu_idle.S.obj)
                              (--whole-archive)
zephyr/arch/arch/arm64/core/libarch__arm64__core.a(early_mem_funcs.S.obj)
                              (--whole-archive)
zephyr/arch/arch/arm64/core/libarch__arm64__core.a(fatal.c.obj)
                              (--whole-archive)
zephyr/arch/arch/arm64/core/libarch__arm64__core.a(irq_init.c.obj)
                              (--whole-archive)
zephyr/arch/arch/arm64/core/libarch__arm64__core.a(irq_manage.c.obj)
                              (--whole-archive)
zephyr/arch/arch/arm64/core/libarch__arm64__core.a(prep_c.c.obj)
                              (--whole-archive)
zephyr/arch/arch/arm64/core/libarch__arm64__core.a(reboot.c.obj)
                              (--whole-archive)
zephyr/arch/arch/arm64/core/libarch__arm64__core.a(reset.S.obj)
                              (--whole-archive)
zephyr/arch/arch/arm64/core/libarch__arm64__core.a(reset.c.obj)
                              (--whole-archive)
zephyr/arch/arch/arm64/core/libarch__arm64__core.a(switch.S.obj)
                              (--whole-archive)
zephyr/arch/arch/arm64/core/libarch__arm64__core.a(thread.c.obj)
                              (--whole-archive)
zephyr/arch/arch/arm64/core/libarch__arm64__core.a(vector_table.S.obj)
                              (--whole-archive)
zephyr/arch/arch/arm64/core/libarch__arm64__core.a(fpu.c.obj)
                              (--whole-archive)
zephyr/arch/arch/arm64/core/libarch__arm64__core.a(fpu.S.obj)
                              (--whole-archive)
zephyr/arch/arch/arm64/core/libarch__arm64__core.a(mmu.c.obj)
                              (--whole-archive)
zephyr/arch/arch/arm64/core/libarch__arm64__core.a(mmu.S.obj)
                              (--whole-archive)
zephyr/arch/arch/arm64/core/libarch__arm64__core.a(isr_wrapper.S.obj)
                              (--whole-archive)
zephyr/arch/arch/arm64/core/libarch__arm64__core.a(tls.c.obj)
                              (--whole-archive)
zephyr/arch/arch/arm64/core/libarch__arm64__core.a(smccc-call.S.obj)
                              (--whole-archive)
zephyr/arch/arch/arm64/core/libarch__arm64__core.a(header.S.obj)
                              (--whole-archive)
zephyr/lib/libc/picolibc/liblib__libc__picolibc.a(assert.c.obj)
                              (--whole-archive)
zephyr/lib/libc/picolibc/liblib__libc__picolibc.a(cbprintf.c.obj)
                              (--whole-archive)
zephyr/lib/libc/picolibc/liblib__libc__picolibc.a(chk_fail.c.obj)
                              (--whole-archive)
zephyr/lib/libc/picolibc/liblib__libc__picolibc.a(errno_wrap.c.obj)
                              (--whole-archive)
zephyr/lib/libc/picolibc/liblib__libc__picolibc.a(exit.c.obj)
                              (--whole-archive)
zephyr/lib/libc/picolibc/liblib__libc__picolibc.a(locks.c.obj)
                              (--whole-archive)
zephyr/lib/libc/picolibc/liblib__libc__picolibc.a(stdio.c.obj)
                              (--whole-archive)
zephyr/lib/libc/common/liblib__libc__common.a(abort.c.obj)
                              (--whole-archive)
zephyr/lib/libc/common/liblib__libc__common.a(malloc.c.obj)
                              (--whole-archive)
zephyr/drivers/interrupt_controller/libdrivers__interrupt_controller.a(intc_gicv3.c.obj)
                              (--whole-archive)
zephyr/drivers/console/libdrivers__console.a(uart_console.c.obj)
[...]
Memory Configuration

Name             Origin             Length             Attributes
FLASH            0x0000000000000000 0x0000000004000000 xr
RAM              0x0000000040000000 0x0000000008000000 xw
IDT_LIST         0x00000000ffff8000 0x0000000000008000 xw
*default*        0x0000000000000000 0xffffffffffffffff

Linker script and memory map

                0x0000000040004d80                vfprintf = __d_vfprintf
                0x0000000000000000                vfscanf = __d_vfscanf
LOAD zephyr/CMakeFiles/zephyr_pre0.dir/misc/empty_file.c.obj
LOAD zephyr/CMakeFiles/offsets.dir/./arch/arm64/core/offsets/offsets.c.obj
LOAD app/libapp.a
LOAD zephyr/libzephyr.a
LOAD zephyr/arch/common/libarch__common.a
LOAD zephyr/arch/arch/arm64/core/libarch__arm64__core.a
LOAD zephyr/lib/libc/picolibc/liblib__libc__picolibc.a
LOAD zephyr/lib/libc/common/liblib__libc__common.a
LOAD zephyr/drivers/interrupt_controller/libdrivers__interrupt_controller.a
LOAD zephyr/drivers/console/libdrivers__console.a
LOAD zephyr/drivers/serial/libdrivers__serial.a
LOAD zephyr/drivers/timer/libdrivers__timer.a
LOAD zephyr/kernel/libkernel.a
LOAD zephyr/arch/common/libisr_tables.a
LOAD /Users/kaiquecipola/zephyr-sdk-0.17.0/aarch64-zephyr-elf/bin/../lib/gcc/../../picolibc/aarch64-zephyr-elf/lib/./libc.a
LOAD /Users/kaiquecipola/zephyr-sdk-0.17.0/aarch64-zephyr-elf/bin/../lib/gcc/aarch64-zephyr-elf/12.2.0/libgcc.a
                0x0000000000001000                _region_min_align = 0x1000

.rel.plt        0x0000000000000000        0x0
 *(SORT_BY_ALIGNMENT(.rel.plt))
                [!provide]                        PROVIDE (__rel_iplt_start = .)
 *(SORT_BY_ALIGNMENT(.rel.iplt))
                [!provide]                        PROVIDE (__rel_iplt_end = .)

.rela.plt       0x0000000000000000        0x0
 *(SORT_BY_ALIGNMENT(.rela.plt))
                [!provide]                        PROVIDE (__rela_iplt_start = .)
 *(SORT_BY_ALIGNMENT(.rela.iplt))
 .rela.iplt     0x0000000000000000        0x0 app/libapp.a(main.c.obj)
                [!provide]                        PROVIDE (__rela_iplt_end = .)

.rel.dyn
 *(SORT_BY_ALIGNMENT(.rel.*))

.rela.dyn       0x0000000000000000        0x0
 *(SORT_BY_ALIGNMENT(.rela.*))
 .rela.data._char_out
                0x0000000000000000        0x0 app/libapp.a(main.c.obj)
 .rela.rodata.mmu_zephyr_ranges
                0x0000000000000000        0x0 app/libapp.a(main.c.obj)
 .rela.text.arch_tls_stack_setup
                0x0000000000000000        0x0 app/libapp.a(main.c.obj)
 .rela.image_header._image_header_section
                0x0000000000000000        0x0 app/libapp.a(main.c.obj)
 .rela.text.bg_thread_main
                0x0000000000000000        0x0 app/libapp.a(main.c.obj)
 .rela.text.z_bss_zero
                0x0000000000000000        0x0 app/libapp.a(main.c.obj)
 .rela.rodata.levels.0
                0x0000000000000000        0x0 app/libapp.a(main.c.obj)
 .rela.text.virt_region_free
                0x0000000000000000        0x0 app/libapp.a(main.c.obj)
 .rela.text.virt_region_alloc
                0x0000000000000000        0x0 app/libapp.a(main.c.obj)
 .rela.text.z_mem_manage_init
                0x0000000000000000        0x0 app/libapp.a(main.c.obj)

/DISCARD/
 *(SORT_BY_ALIGNMENT(.plt))

/DISCARD/
 *(SORT_BY_ALIGNMENT(.iplt))
                0x0000000000000000                __rom_region_start = 0x0

text            0x0000000040000000     0x7000
                0x0000000040000000                __text_region_start = .
                0x0000000040000000                z_mapped_start = .
 *(SORT_BY_ALIGNMENT(.image_header))
 *(SORT_BY_ALIGNMENT(.image_header.*))
 .image_header._image_header_section
                0x0000000040000000       0x40 zephyr/arch/arch/arm64/core/libarch__arm64__core.a(header.S.obj)
                0x0000000040000040                _vector_start = .
 *(SORT_BY_ALIGNMENT(.exc_vector_table))
 *(SORT_BY_ALIGNMENT(.exc_vector_table.*))
 *fill*         0x0000000040000040      0x7c0 
 .exc_vector_table._vector_table_section
                0x0000000040000800      0x784 zephyr/arch/arch/arm64/core/libarch__arm64__core.a(vector_table.S.obj)
                0x0000000040000800                _vector_table
 *(SORT_BY_ALIGNMENT(.vectors))
                0x0000000040000f84                _vector_end = .
 *(SORT_BY_ALIGNMENT(.text))
 *fill*         0x0000000040000f84        0xc 
 .text          0x0000000040000f90       0x2c /Users/kaiquecipola/zephyr-sdk-0.17.0/aarch64-zephyr-elf/bin/../lib/gcc/aarch64-zephyr-elf/12.2.0/libgcc.a(swp_8_4.o)
                0x0000000040000f90                __aarch64_swp8_acq_rel
 .text          0x0000000040000fbc       0x3c /Users/kaiquecipola/zephyr-sdk-0.17.0/aarch64-zephyr-elf/bin/../lib/gcc/aarch64-zephyr-elf/12.2.0/libgcc.a(_lshrdi3.o)
                0x0000000040000fbc                __lshrti3
 .text          0x0000000040000ff8       0x3c /Users/kaiquecipola/zephyr-sdk-0.17.0/aarch64-zephyr-elf/bin/../lib/gcc/aarch64-zephyr-elf/12.2.0/libgcc.a(_ashldi3.o)
                0x0000000040000ff8                __ashlti3
 *(SORT_BY_ALIGNMENT(.text.*))
 *fill*         0x0000000040001034        0x4 
 .text._reset_section
                0x0000000040001038      0x108 zephyr/arch/arch/arm64/core/libarch__arm64__core.a(reset.S.obj)
                0x0000000040001038                __reset_prep_c
                0x00000000400010bc                __reset
                0x00000000400010bc                __start
 .text._isr_wrapper
                0x0000000040001140       0xb8 zephyr/arch/arch/arm64/core/libarch__arm64__core.a(isr_wrapper.S.obj)
                0x0000000040001140                _isr_wrapper
                0x00000000400011b0                z_arm64_irq_done
 .text._OffsetAbsSyms
                0x00000000400011f8        0x4 zephyr/CMakeFiles/offsets.dir/./arch/arm64/core/offsets/offsets.c.obj
                0x00000000400011f8                _OffsetAbsSyms
 .text.display_raptor_logo
                0x00000000400011fc      0x194 app/libapp.a(main.c.obj)
                0x00000000400011fc                display_raptor_logo
 .text.main     0x0000000040001390       0x24 app/libapp.a(main.c.obj)
                0x0000000040001390                main
 .text.chunk_size
                0x00000000400013b4       0x14 zephyr/libzephyr.a(heap.c.obj)
 .text.free_list_add
                0x00000000400013c8       0x94 zephyr/libzephyr.a(heap.c.obj)
 .text.sys_heap_init
                0x000000004000145c       0xb8 zephyr/libzephyr.a(heap.c.obj)
                0x000000004000145c                sys_heap_init
 .text.arch_printk_char_out
                0x0000000040001514        0x8 zephyr/libzephyr.a(printk.c.obj)
                0x0000000040001514                arch_printk_char_out
 .text.char_out
                0x000000004000151c       0x10 zephyr/libzephyr.a(printk.c.obj)
 .text.__printk_hook_install
                0x000000004000152c        0xc zephyr/libzephyr.a(printk.c.obj)
                0x000000004000152c                __printk_hook_install
 .text.vprintk  0x0000000040001538       0x4c zephyr/libzephyr.a(printk.c.obj)
                0x0000000040001538                vprintk
 .text.printk   0x0000000040001584       0x78 zephyr/libzephyr.a(printk.c.obj)
                0x0000000040001584                printk
 .text.z_thread_entry
                0x00000000400015fc       0x50 zephyr/libzephyr.a(thread_entry.c.obj)
                0x00000000400015fc                z_thread_entry
 .text.setup_bundle_data.constprop.0
                0x000000004000164c       0x50 zephyr/libzephyr.a(bitarray.c.obj)
 .text.set_region
                0x000000004000169c       0xf0 zephyr/libzephyr.a(bitarray.c.obj)
 .text.set_clear_region
                0x000000004000178c       0x74 zephyr/libzephyr.a(bitarray.c.obj)
 .text.match_region
                0x0000000040001800       0xdc zephyr/libzephyr.a(bitarray.c.obj)
 .text.sys_bitarray_alloc
                0x00000000400018dc      0x108 zephyr/libzephyr.a(bitarray.c.obj)
                0x00000000400018dc                sys_bitarray_alloc
 .text.sys_bitarray_free
                0x00000000400019e4       0xa8 zephyr/libzephyr.a(bitarray.c.obj)
                0x00000000400019e4                sys_bitarray_free
 .text.sys_bitarray_set_region
                0x0000000040001a8c        0x8 zephyr/libzephyr.a(bitarray.c.obj)
                0x0000000040001a8c                sys_bitarray_set_region
 .text._ConfigAbsSyms
                0x0000000040001a94        0x4 zephyr/libzephyr.a(configs.c.obj)
                0x0000000040001a94                _ConfigAbsSyms
 .text.arch_cpu_idle
                0x0000000040001a98       0x10 zephyr/arch/arch/arm64/core/libarch__arm64__core.a(cpu_idle.S.obj)
                0x0000000040001a98                arch_cpu_idle
 .text.z_early_memset
                0x0000000040001aa8       0x40 zephyr/arch/arch/arm64/core/libarch__arm64__core.a(early_mem_funcs.S.obj)
                0x0000000040001aa8                z_early_memset
 .text.z_arm64_fatal_error
                0x0000000040001ae8       0x44 zephyr/arch/arch/arm64/core/libarch__arm64__core.a(fatal.c.obj)
                0x0000000040001ae8                z_arm64_fatal_error
 .text.z_arm64_do_kernel_oops
                0x0000000040001b2c        0xc zephyr/arch/arch/arm64/core/libarch__arm64__core.a(fatal.c.obj)
                0x0000000040001b2c                z_arm64_do_kernel_oops
 .text.z_arm64_interrupt_init
                0x0000000040001b38        0x4 zephyr/arch/arch/arm64/core/libarch__arm64__core.a(irq_init.c.obj)
                0x0000000040001b38                z_arm64_interrupt_init
 .text.arch_irq_enable
                0x0000000040001b3c        0x4 zephyr/arch/arch/arm64/core/libarch__arm64__core.a(irq_manage.c.obj)
                0x0000000040001b3c                arch_irq_enable
 .text.z_arm64_irq_priority_set
                0x0000000040001b40        0x4 zephyr/arch/arch/arm64/core/libarch__arm64__core.a(irq_manage.c.obj)
                0x0000000040001b40                z_arm64_irq_priority_set
 .text.z_irq_spurious
                0x0000000040001b44        0xc zephyr/arch/arch/arm64/core/libarch__arm64__core.a(irq_manage.c.obj)
                0x0000000040001b44                z_irq_spurious
 .text.z_prep_c
                0x0000000040001b50       0x28 zephyr/arch/arch/arm64/core/libarch__arm64__core.a(prep_c.c.obj)
                0x0000000040001b50                z_prep_c
 .text.z_arm64_el3_plat_prep_c
                0x0000000040001b78        0x4 zephyr/arch/arch/arm64/core/libarch__arm64__core.a(reset.S.obj)
                0x0000000040001b78                z_arm64_el3_plat_prep_c
 .text.z_arm64_el2_plat_prep_c
                0x0000000040001b7c        0x4 zephyr/arch/arch/arm64/core/libarch__arm64__core.a(reset.S.obj)
                0x0000000040001b7c                z_arm64_el2_plat_prep_c
 .text.z_arm64_el1_plat_prep_c
                0x0000000040001b80        0x4 zephyr/arch/arch/arm64/core/libarch__arm64__core.a(reset.S.obj)
                0x0000000040001b80                z_arm64_el1_plat_prep_c
 .text.el3_get_next_el
                0x0000000040001b84       0x28 zephyr/arch/arch/arm64/core/libarch__arm64__core.a(reset.c.obj)
 .text.z_arm64_el_highest_plat_init
                0x0000000040001bac        0x4 zephyr/arch/arch/arm64/core/libarch__arm64__core.a(reset.c.obj)
                0x0000000040001bac                z_arm64_el_highest_plat_init
 .text.z_arm64_el3_plat_init
                0x0000000040001bb0        0x4 zephyr/arch/arch/arm64/core/libarch__arm64__core.a(reset.c.obj)
                0x0000000040001bb0                z_arm64_el3_plat_init
 .text.z_arm64_el2_plat_init
                0x0000000040001bb4        0x4 zephyr/arch/arch/arm64/core/libarch__arm64__core.a(reset.c.obj)
                0x0000000040001bb4                z_arm64_el2_plat_init
 .text.z_arm64_el1_plat_init
                0x0000000040001bb8        0x4 zephyr/arch/arch/arm64/core/libarch__arm64__core.a(reset.c.obj)
                0x0000000040001bb8                z_arm64_el1_plat_init
 .text.z_arm64_el_highest_init
                0x0000000040001bbc       0x48 zephyr/arch/arch/arm64/core/libarch__arm64__core.a(reset.c.obj)
                0x0000000040001bbc                z_arm64_el_highest_init
 .text.z_arm64_el2_init
                0x0000000040001c04       0x58 zephyr/arch/arch/arm64/core/libarch__arm64__core.a(reset.c.obj)
                0x0000000040001c04                z_arm64_el2_init
 .text.z_arm64_el3_init
                0x0000000040001c5c       0x68 zephyr/arch/arch/arm64/core/libarch__arm64__core.a(reset.c.obj)
                0x0000000040001c5c                z_arm64_el3_init
 .text.z_arm64_el1_init
                0x0000000040001cc4       0x4c zephyr/arch/arch/arm64/core/libarch__arm64__core.a(reset.c.obj)
                0x0000000040001cc4                z_arm64_el1_init
 .text.z_arm64_el3_get_next_el
                0x0000000040001d10       0x2c zephyr/arch/arch/arm64/core/libarch__arm64__core.a(reset.c.obj)
                0x0000000040001d10                z_arm64_el3_get_next_el
 .text.z_arm64_context_switch
                0x0000000040001d3c       0x80 zephyr/arch/arch/arm64/core/libarch__arm64__core.a(switch.S.obj)
                0x0000000040001d3c                z_arm64_context_switch
 .text.z_arm64_sync_exc
                0x0000000040001dbc       0x4c zephyr/arch/arch/arm64/core/libarch__arm64__core.a(switch.S.obj)
                0x0000000040001dbc                z_arm64_sync_exc
 .text.arch_new_thread
                0x0000000040001e08       0x8c zephyr/arch/arch/arm64/core/libarch__arm64__core.a(thread.c.obj)
                0x0000000040001e08                arch_new_thread
 .text.z_arm64_serror
                0x0000000040001e94       0x10 zephyr/arch/arch/arm64/core/libarch__arm64__core.a(vector_table.S.obj)
                0x0000000040001e94                z_arm64_serror
 .text.z_arm64_exit_exc
                0x0000000040001ea4       0x5c zephyr/arch/arch/arm64/core/libarch__arm64__core.a(vector_table.S.obj)
                0x0000000040001ea4                z_arm64_exit_exc
                0x0000000040001ea8                z_arm64_exit_exc_fpu_done
 .text.fpu_access_update
                0x0000000040001f00       0x48 zephyr/arch/arch/arm64/core/libarch__arm64__core.a(fpu.c.obj)
 .text.arch_flush_local_fpu
                0x0000000040001f48       0x5c zephyr/arch/arch/arm64/core/libarch__arm64__core.a(fpu.c.obj)
                0x0000000040001f48                arch_flush_local_fpu
 .text.z_arm64_fpu_enter_exc
                0x0000000040001fa4       0x14 zephyr/arch/arch/arm64/core/libarch__arm64__core.a(fpu.c.obj)
                0x0000000040001fa4                z_arm64_fpu_enter_exc
 .text.z_arm64_fpu_trap
                0x0000000040001fb8       0xfc zephyr/arch/arch/arm64/core/libarch__arm64__core.a(fpu.c.obj)
                0x0000000040001fb8                z_arm64_fpu_trap
 .text.z_arm64_fpu_exit_exc
                0x00000000400020b4        0x8 zephyr/arch/arch/arm64/core/libarch__arm64__core.a(fpu.c.obj)
                0x00000000400020b4                z_arm64_fpu_exit_exc
 .text.z_arm64_fpu_thread_context_switch
                0x00000000400020bc        0x8 zephyr/arch/arch/arm64/core/libarch__arm64__core.a(fpu.c.obj)
                0x00000000400020bc                z_arm64_fpu_thread_context_switch
 .text.arch_float_disable
                0x00000000400020c4       0x50 zephyr/arch/arch/arm64/core/libarch__arm64__core.a(fpu.c.obj)
                0x00000000400020c4                arch_float_disable
 .text.z_arm64_fpu_save
                0x0000000040002114       0x54 zephyr/arch/arch/arm64/core/libarch__arm64__core.a(fpu.S.obj)
                0x0000000040002114                z_arm64_fpu_save
 .text.z_arm64_fpu_restore
                0x0000000040002168       0x54 zephyr/arch/arch/arm64/core/libarch__arm64__core.a(fpu.S.obj)
                0x0000000040002168                z_arm64_fpu_restore
 .text.new_table
                0x00000000400021bc       0x44 zephyr/arch/arch/arm64/core/libarch__arm64__core.a(mmu.c.obj)
 .text.table_usage
                0x0000000040002200       0x34 zephyr/arch/arch/arm64/core/libarch__arm64__core.a(mmu.c.obj)
 .text.expand_to_table
                0x0000000040002234       0x80 zephyr/arch/arch/arm64/core/libarch__arm64__core.a(mmu.c.obj)
 .text.invalidate_tlb_all
                0x00000000400022b4       0x14 zephyr/arch/arch/arm64/core/libarch__arm64__core.a(mmu.c.obj)
 .text.inv_dcache_after_map_helper
                0x00000000400022c8       0x8c zephyr/arch/arch/arm64/core/libarch__arm64__core.a(mmu.c.obj)
 .text.__add_map.constprop.0
                0x0000000040002354      0x284 zephyr/arch/arch/arm64/core/libarch__arm64__core.a(mmu.c.obj)
 .text.z_arm64_mm_init
                0x00000000400025d8      0x158 zephyr/arch/arch/arm64/core/libarch__arm64__core.a(mmu.c.obj)
                0x00000000400025d8                z_arm64_mm_init
 .text.arch_mem_map
                0x0000000040002730       0xd4 zephyr/arch/arch/arm64/core/libarch__arm64__core.a(mmu.c.obj)
                0x0000000040002730                arch_mem_map
 .text.arch_virt_region_align
                0x0000000040002804       0x44 zephyr/arch/arch/arm64/core/libarch__arm64__core.a(mmu.c.obj)
                0x0000000040002804                arch_virt_region_align
 .text.arch_tls_stack_setup
                0x0000000040002848       0x74 zephyr/arch/arch/arm64/core/libarch__arm64__core.a(tls.c.obj)
                0x0000000040002848                arch_tls_stack_setup
 .text.z_impl_zephyr_fputc
                0x00000000400028bc       0x20 zephyr/lib/libc/picolibc/liblib__libc__picolibc.a(stdio.c.obj)
                0x00000000400028bc                z_impl_zephyr_fputc
 .text.picolibc_put
                0x00000000400028dc       0x1c zephyr/lib/libc/picolibc/liblib__libc__picolibc.a(stdio.c.obj)
 .text.__stdout_hook_install
                0x00000000400028f8       0x20 zephyr/lib/libc/picolibc/liblib__libc__picolibc.a(stdio.c.obj)
                0x00000000400028f8                __stdout_hook_install
 .text.malloc_prepare
                0x0000000040002918       0x2c zephyr/lib/libc/common/liblib__libc__common.a(malloc.c.obj)
 .text.gic_get_rdist
                0x0000000040002944       0x1c zephyr/drivers/interrupt_controller/libdrivers__interrupt_controller.a(intc_gicv3.c.obj)
 .text.gic_wait_rwp.isra.0
                0x0000000040002960       0x4c zephyr/drivers/interrupt_controller/libdrivers__interrupt_controller.a(intc_gicv3.c.obj)
 .text.arm_gic_init
                0x00000000400029ac      0x2c4 zephyr/drivers/interrupt_controller/libdrivers__interrupt_controller.a(intc_gicv3.c.obj)
                0x00000000400029ac                arm_gic_init
 .text.arm_gic_irq_set_priority
                0x0000000040002c70       0xb8 zephyr/drivers/interrupt_controller/libdrivers__interrupt_controller.a(intc_gicv3.c.obj)
                0x0000000040002c70                arm_gic_irq_set_priority
 .text.arm_gic_irq_enable
                0x0000000040002d28       0x5c zephyr/drivers/interrupt_controller/libdrivers__interrupt_controller.a(intc_gicv3.c.obj)
                0x0000000040002d28                arm_gic_irq_enable
 .text.arm_gic_get_active
                0x0000000040002d84        0x8 zephyr/drivers/interrupt_controller/libdrivers__interrupt_controller.a(intc_gicv3.c.obj)
                0x0000000040002d84                arm_gic_get_active
 .text.arm_gic_eoi
                0x0000000040002d8c       0x10 zephyr/drivers/interrupt_controller/libdrivers__interrupt_controller.a(intc_gicv3.c.obj)
                0x0000000040002d8c                arm_gic_eoi
 .text.uart_console_init
                0x0000000040002d9c       0x50 zephyr/drivers/console/libdrivers__console.a(uart_console.c.obj)
 .text.console_out
                0x0000000040002dec       0x58 zephyr/drivers/console/libdrivers__console.a(uart_console.c.obj)
 .text.pl011_poll_out
                0x0000000040002e44       0x1c zephyr/drivers/serial/libdrivers__serial.a(uart_pl011.c.obj)
 .text.pl011_err_check
                0x0000000040002e60       0x38 zephyr/drivers/serial/libdrivers__serial.a(uart_pl011.c.obj)
 .text.pl011_runtime_config_get
                0x0000000040002e98       0x14 zephyr/drivers/serial/libdrivers__serial.a(uart_pl011.c.obj)
 .text.pl011_fifo_fill
                0x0000000040002eac       0x38 zephyr/drivers/serial/libdrivers__serial.a(uart_pl011.c.obj)
 .text.pl011_fifo_read
                0x0000000040002ee4       0x38 zephyr/drivers/serial/libdrivers__serial.a(uart_pl011.c.obj)
 .text.pl011_irq_tx_enable
                0x0000000040002f1c       0x80 zephyr/drivers/serial/libdrivers__serial.a(uart_pl011.c.obj)
 .text.pl011_irq_tx_disable
                0x0000000040002f9c       0x24 zephyr/drivers/serial/libdrivers__serial.a(uart_pl011.c.obj)
 .text.pl011_irq_tx_complete
                0x0000000040002fc0       0x18 zephyr/drivers/serial/libdrivers__serial.a(uart_pl011.c.obj)
 .text.pl011_irq_tx_ready
                0x0000000040002fd8       0x44 zephyr/drivers/serial/libdrivers__serial.a(uart_pl011.c.obj)
 .text.pl011_irq_rx_enable
                0x000000004000301c       0x1c zephyr/drivers/serial/libdrivers__serial.a(uart_pl011.c.obj)
 .text.pl011_irq_rx_disable
                0x0000000040003038       0x1c zephyr/drivers/serial/libdrivers__serial.a(uart_pl011.c.obj)
 .text.pl011_irq_rx_ready
                0x0000000040003054       0x38 zephyr/drivers/serial/libdrivers__serial.a(uart_pl011.c.obj)
 .text.pl011_irq_err_enable
                0x000000004000308c       0x18 zephyr/drivers/serial/libdrivers__serial.a(uart_pl011.c.obj)
 .text.pl011_irq_err_disable
                0x00000000400030a4       0x18 zephyr/drivers/serial/libdrivers__serial.a(uart_pl011.c.obj)
 .text.pl011_irq_is_pending
                0x00000000400030bc       0x34 zephyr/drivers/serial/libdrivers__serial.a(uart_pl011.c.obj)
 .text.pl011_irq_update
                0x00000000400030f0        0x8 zephyr/drivers/serial/libdrivers__serial.a(uart_pl011.c.obj)
 .text.pl011_irq_callback_set
                0x00000000400030f8        0xc zephyr/drivers/serial/libdrivers__serial.a(uart_pl011.c.obj)
 .text.pl011_isr
                0x0000000040003104       0x40 zephyr/drivers/serial/libdrivers__serial.a(uart_pl011.c.obj)
                0x0000000040003104                pl011_isr
 .text.pwr_on_arm_pl011_0
                0x0000000040003144        0x8 zephyr/drivers/serial/libdrivers__serial.a(uart_pl011.c.obj)
 .text.clk_enable_arm_pl011_0
                0x000000004000314c        0x8 zephyr/drivers/serial/libdrivers__serial.a(uart_pl011.c.obj)
 .text.pl011_irq_config_func_0
                0x0000000040003154       0x24 zephyr/drivers/serial/libdrivers__serial.a(uart_pl011.c.obj)
 .text.pl011_poll_in
                0x0000000040003178       0x4c zephyr/drivers/serial/libdrivers__serial.a(uart_pl011.c.obj)
 .text.pl011_runtime_configure_internal
                0x00000000400031c4      0x1d4 zephyr/drivers/serial/libdrivers__serial.a(uart_pl011.c.obj)
 .text.pl011_runtime_configure
                0x0000000040003398        0x8 zephyr/drivers/serial/libdrivers__serial.a(uart_pl011.c.obj)
 .text.pl011_init
                0x00000000400033a0      0x168 zephyr/drivers/serial/libdrivers__serial.a(uart_pl011.c.obj)
 .text.sys_clock_driver_init
                0x0000000040003508       0x70 zephyr/drivers/timer/libdrivers__timer.a(arm_arch_timer.c.obj)
 .text.arm_arch_timer_compare_isr
                0x0000000040003578       0x60 zephyr/drivers/timer/libdrivers__timer.a(arm_arch_timer.c.obj)
 .text.sys_clock_set_timeout
                0x00000000400035d8       0x90 zephyr/drivers/timer/libdrivers__timer.a(arm_arch_timer.c.obj)
                0x00000000400035d8                sys_clock_set_timeout
 .text.sys_clock_elapsed
                0x0000000040003668       0x38 zephyr/drivers/timer/libdrivers__timer.a(arm_arch_timer.c.obj)
                0x0000000040003668                sys_clock_elapsed
 .text.z_device_state_init
                0x00000000400036a0        0x4 zephyr/kernel/libkernel.a(device.c.obj)
                0x00000000400036a0                z_device_state_init
 .text.z_impl_device_is_ready
                0x00000000400036a4       0x28 zephyr/kernel/libkernel.a(device.c.obj)
                0x00000000400036a4                z_impl_device_is_ready
 .text.arch_system_halt
                0x00000000400036cc        0xc zephyr/kernel/libkernel.a(fatal.c.obj)
                0x00000000400036cc                arch_system_halt
 .text.k_sys_fatal_error_handler
                0x00000000400036d8        0xc zephyr/kernel/libkernel.a(fatal.c.obj)
                0x00000000400036d8                k_sys_fatal_error_handler
 .text.z_fatal_error
                0x00000000400036e4       0x38 zephyr/kernel/libkernel.a(fatal.c.obj)
                0x00000000400036e4                z_fatal_error
 .text.do_device_init
                0x000000004000371c       0x60 zephyr/kernel/libkernel.a(init.c.obj)
 .text.z_sys_init_run_level
                0x000000004000377c       0x5c zephyr/kernel/libkernel.a(init.c.obj)
 .text.bg_thread_main
                0x00000000400037d8      0x10c zephyr/kernel/libkernel.a(init.c.obj)
 .text.z_bss_zero
                0x00000000400038e4       0x1c zephyr/kernel/libkernel.a(init.c.obj)
                0x00000000400038e4                z_bss_zero
 .text.z_init_cpu
                0x0000000040003900       0xc8 zephyr/kernel/libkernel.a(init.c.obj)
                0x0000000040003900                z_init_cpu
 .text.z_cstart
                0x00000000400039c8       0xf8 zephyr/kernel/libkernel.a(init.c.obj)
                0x00000000400039c8                z_cstart
 .text.z_init_static
                0x0000000040003ac0        0x4 zephyr/kernel/libkernel.a(init_static.c.obj)
                0x0000000040003ac0                z_init_static
 .text.idle     0x0000000040003ac4       0x18 zephyr/kernel/libkernel.a(idle.c.obj)
                0x0000000040003ac4                idle
 .text.z_setup_new_thread
                0x0000000040003adc       0xc8 zephyr/kernel/libkernel.a(thread.c.obj)
                0x0000000040003adc                z_setup_new_thread
 .text.z_dummy_thread_init
                0x0000000040003ba4       0x18 zephyr/kernel/libkernel.a(thread.c.obj)
                0x0000000040003ba4                z_dummy_thread_init
 .text.sys_dlist_remove
                0x0000000040003bbc       0x14 zephyr/kernel/libkernel.a(sched.c.obj)
 .text.unpend_thread_no_timeout
                0x0000000040003bd0       0x28 zephyr/kernel/libkernel.a(sched.c.obj)
 .text.ready_thread
                0x0000000040003bf8       0xe8 zephyr/kernel/libkernel.a(sched.c.obj)
 .text.z_swap   0x0000000040003ce0       0x80 zephyr/kernel/libkernel.a(sched.c.obj)
 .text.move_thread_to_end_of_prio_q
                0x0000000040003d60       0xf4 zephyr/kernel/libkernel.a(sched.c.obj)
                0x0000000040003d60                move_thread_to_end_of_prio_q
 .text.z_ready_thread
                0x0000000040003e54       0x2c zephyr/kernel/libkernel.a(sched.c.obj)
                0x0000000040003e54                z_ready_thread
 .text.z_sched_wake_thread
                0x0000000040003e80       0x5c zephyr/kernel/libkernel.a(sched.c.obj)
                0x0000000040003e80                z_sched_wake_thread
 .text.z_thread_timeout
                0x0000000040003edc        0xc zephyr/kernel/libkernel.a(sched.c.obj)
                0x0000000040003edc                z_thread_timeout
 .text.z_reschedule
                0x0000000040003ee8       0x3c zephyr/kernel/libkernel.a(sched.c.obj)
                0x0000000040003ee8                z_reschedule
 .text.z_reschedule_irqlock
                0x0000000040003f24       0x88 zephyr/kernel/libkernel.a(sched.c.obj)
                0x0000000040003f24                z_reschedule_irqlock
 .text.k_sched_lock
                0x0000000040003fac       0x28 zephyr/kernel/libkernel.a(sched.c.obj)
                0x0000000040003fac                k_sched_lock
 .text.k_sched_unlock
                0x0000000040003fd4       0x9c zephyr/kernel/libkernel.a(sched.c.obj)
                0x0000000040003fd4                k_sched_unlock
 .text.z_swap_next_thread
                0x0000000040004070        0xc zephyr/kernel/libkernel.a(sched.c.obj)
                0x0000000040004070                z_swap_next_thread
 .text.z_get_next_switch_handle
                0x000000004000407c       0x20 zephyr/kernel/libkernel.a(sched.c.obj)
                0x000000004000407c                z_get_next_switch_handle
 .text.z_sched_init
                0x000000004000409c       0x18 zephyr/kernel/libkernel.a(sched.c.obj)
                0x000000004000409c                z_sched_init
 .text.z_impl_k_wakeup
                0x00000000400040b4       0x68 zephyr/kernel/libkernel.a(sched.c.obj)
                0x00000000400040b4                z_impl_k_wakeup
 .text.z_impl_k_sched_current_thread_query
                0x000000004000411c        0xc zephyr/kernel/libkernel.a(sched.c.obj)
                0x000000004000411c                z_impl_k_sched_current_thread_query
 .text.z_thread_abort
                0x0000000040004128      0x1a4 zephyr/kernel/libkernel.a(sched.c.obj)
                0x0000000040004128                z_thread_abort
 .text.z_impl_k_thread_abort
                0x00000000400042cc        0x4 zephyr/kernel/libkernel.a(sched.c.obj)
                0x00000000400042cc                z_impl_k_thread_abort
 .text.slice_timeout
                0x00000000400042d0       0x24 zephyr/kernel/libkernel.a(timeslicing.c.obj)
 .text.thread_is_sliceable
                0x00000000400042f4       0x58 zephyr/kernel/libkernel.a(timeslicing.c.obj)
                0x00000000400042f4                thread_is_sliceable
 .text.z_reset_time_slice
                0x000000004000434c       0x8c zephyr/kernel/libkernel.a(timeslicing.c.obj)
                0x000000004000434c                z_reset_time_slice
 .text.z_time_slice
                0x00000000400043d8       0x74 zephyr/kernel/libkernel.a(timeslicing.c.obj)
                0x00000000400043d8                z_time_slice
 .text.first    0x000000004000444c       0x18 zephyr/kernel/libkernel.a(timeout.c.obj)
 .text.elapsed  0x0000000040004464       0x18 zephyr/kernel/libkernel.a(timeout.c.obj)
 .text.next_timeout
                0x000000004000447c       0x4c zephyr/kernel/libkernel.a(timeout.c.obj)
 .text.remove_timeout
                0x00000000400044c8       0x40 zephyr/kernel/libkernel.a(timeout.c.obj)
 .text.z_add_timeout
                0x0000000040004508      0x108 zephyr/kernel/libkernel.a(timeout.c.obj)
                0x0000000040004508                z_add_timeout
 .text.z_abort_timeout
                0x0000000040004610       0x64 zephyr/kernel/libkernel.a(timeout.c.obj)
                0x0000000040004610                z_abort_timeout
 .text.sys_clock_announce
                0x0000000040004674       0xbc zephyr/kernel/libkernel.a(timeout.c.obj)
                0x0000000040004674                sys_clock_announce
 .text.virt_region_free
                0x0000000040004730       0xb0 zephyr/kernel/libkernel.a(mmu.c.obj)
 .text.free_page_frame_list_put
                0x00000000400047e0       0x48 zephyr/kernel/libkernel.a(mmu.c.obj)
 .text.virt_region_alloc
                0x0000000040004828      0x110 zephyr/kernel/libkernel.a(mmu.c.obj)
 .text.k_mem_region_align
                0x0000000040004938       0x2c zephyr/kernel/libkernel.a(mmu.c.obj)
                0x0000000040004938                k_mem_region_align
 .text.k_mem_map_phys_bare
                0x0000000040004964       0xa0 zephyr/kernel/libkernel.a(mmu.c.obj)
                0x0000000040004964                k_mem_map_phys_bare
 .text.z_mem_manage_init
                0x0000000040004a04       0xc8 zephyr/kernel/libkernel.a(mmu.c.obj)
                0x0000000040004a04                z_mem_manage_init
 .text.z_mem_manage_boot_finish
                0x0000000040004acc        0x4 zephyr/kernel/libkernel.a(mmu.c.obj)
                0x0000000040004acc                z_mem_manage_boot_finish
 .text.boot_banner
                0x0000000040004ad0        0xc zephyr/kernel/libkernel.a(banner.c.obj)
                0x0000000040004ad0                boot_banner
 .text.memcpy   0x0000000040004adc       0x20 /Users/kaiquecipola/zephyr-sdk-0.17.0/aarch64-zephyr-elf/bin/../lib/gcc/../../picolibc/aarch64-zephyr-elf/lib/./libc.a(memcpy-stub.c.o)
                0x0000000040004adc                memcpy
 .text.memset   0x0000000040004afc       0x1c /Users/kaiquecipola/zephyr-sdk-0.17.0/aarch64-zephyr-elf/bin/../lib/gcc/../../picolibc/aarch64-zephyr-elf/lib/./libc.a(memset-stub.c.o)
                0x0000000040004afc                memset
 .text.strnlen  0x0000000040004b18       0x28 /Users/kaiquecipola/zephyr-sdk-0.17.0/aarch64-zephyr-elf/bin/../lib/gcc/../../picolibc/aarch64-zephyr-elf/lib/./libc.a(strnlen-stub.c.o)
                0x0000000040004b18                strnlen
 .text.__ultoa_invert
                0x0000000040004b40       0x50 /Users/kaiquecipola/zephyr-sdk-0.17.0/aarch64-zephyr-elf/bin/../lib/gcc/../../picolibc/aarch64-zephyr-elf/lib/./libc.a(libc_tinystdio_vfprintf.c.o)
 .text.skip_to_arg
                0x0000000040004b90      0x1f0 /Users/kaiquecipola/zephyr-sdk-0.17.0/aarch64-zephyr-elf/bin/../lib/gcc/../../picolibc/aarch64-zephyr-elf/lib/./libc.a(libc_tinystdio_vfprintf.c.o)
 .text.vfprintf
                0x0000000040004d80      0xeb8 /Users/kaiquecipola/zephyr-sdk-0.17.0/aarch64-zephyr-elf/bin/../lib/gcc/../../picolibc/aarch64-zephyr-elf/lib/./libc.a(libc_tinystdio_vfprintf.c.o)
                0x0000000040004d80                __d_vfprintf
 .text.mulShift64
                0x0000000040005c38       0x30 /Users/kaiquecipola/zephyr-sdk-0.17.0/aarch64-zephyr-elf/bin/../lib/gcc/../../picolibc/aarch64-zephyr-elf/lib/./libc.a(libc_tinystdio_dtoa_ryu.c.o)
 .text.__dtoa_engine
                0x0000000040005c68      0x504 /Users/kaiquecipola/zephyr-sdk-0.17.0/aarch64-zephyr-elf/bin/../lib/gcc/../../picolibc/aarch64-zephyr-elf/lib/./libc.a(libc_tinystdio_dtoa_ryu.c.o)
                0x0000000040005c68                __dtoa_engine
 .text.__log10Pow2
                0x000000004000616c       0x14 /Users/kaiquecipola/zephyr-sdk-0.17.0/aarch64-zephyr-elf/bin/../lib/gcc/../../picolibc/aarch64-zephyr-elf/lib/./libc.a(libc_tinystdio_ryu_log10.c.o)
                0x000000004000616c                __log10Pow2
 .text.__log10Pow5
                0x0000000040006180       0x14 /Users/kaiquecipola/zephyr-sdk-0.17.0/aarch64-zephyr-elf/bin/../lib/gcc/../../picolibc/aarch64-zephyr-elf/lib/./libc.a(libc_tinystdio_ryu_log10.c.o)
                0x0000000040006180                __log10Pow5
 .text.__pow5bits
                0x0000000040006194       0x18 /Users/kaiquecipola/zephyr-sdk-0.17.0/aarch64-zephyr-elf/bin/../lib/gcc/../../picolibc/aarch64-zephyr-elf/lib/./libc.a(libc_tinystdio_ryu_pow5bits.c.o)
                0x0000000040006194                __pow5bits
 .text.__pow5Factor
                0x00000000400061ac       0x2c /Users/kaiquecipola/zephyr-sdk-0.17.0/aarch64-zephyr-elf/bin/../lib/gcc/../../picolibc/aarch64-zephyr-elf/lib/./libc.a(libc_tinystdio_ryu_table.c.o)
                0x00000000400061ac                __pow5Factor
 .text.__double_computePow5
                0x00000000400061d8      0x100 /Users/kaiquecipola/zephyr-sdk-0.17.0/aarch64-zephyr-elf/bin/../lib/gcc/../../picolibc/aarch64-zephyr-elf/lib/./libc.a(libc_tinystdio_ryu_table.c.o)
                0x00000000400061d8                __double_computePow5
 .text.__double_computeInvPow5
                0x00000000400062d8      0x104 /Users/kaiquecipola/zephyr-sdk-0.17.0/aarch64-zephyr-elf/bin/../lib/gcc/../../picolibc/aarch64-zephyr-elf/lib/./libc.a(libc_tinystdio_ryu_table.c.o)
                0x00000000400062d8                __double_computeInvPow5
 .text.__dtox_engine
                0x00000000400063dc      0x128 /Users/kaiquecipola/zephyr-sdk-0.17.0/aarch64-zephyr-elf/bin/../lib/gcc/../../picolibc/aarch64-zephyr-elf/lib/./libc.a(libc_tinystdio_dtox_engine.c.o)
                0x00000000400063dc                __dtox_engine
 *(SORT_BY_ALIGNMENT(.gnu.linkonce.t.*))
                0x0000000040007000                . = ALIGN (_region_min_align)
 *fill*         0x0000000040006504      0xafc 
                0x0000000040007000                __text_region_end = .
                0x0000000000007000                __text_region_size = (__text_region_end - __text_region_start)

.ARM.exidx      0x0000000040007000        0x0
                0x0000000040007000                __exidx_start = .
 *(SORT_BY_ALIGNMENT(.ARM.exidx*) SORT_BY_ALIGNMENT(gnu.linkonce.armexidx.*))
                0x0000000040007000                __exidx_end = .
                0x0000000040007000                . = ALIGN (_region_min_align)
                0x0000000040007000                __rodata_region_start = .

initlevel       0x0000000040007000       0x50
                0x0000000040007000                __init_start = .
                0x0000000040007000                __init_EARLY_start = .
 *(SORT_BY_NAME(SORT_BY_ALIGNMENT(.z_init_EARLY?_*)))
 *(SORT_BY_NAME(SORT_BY_ALIGNMENT(.z_init_EARLY??_*)))
                0x0000000040007000                __init_PRE_KERNEL_1_start = .
 *(SORT_BY_NAME(SORT_BY_ALIGNMENT(.z_init_PRE_KERNEL_1?_*)))
 *(SORT_BY_NAME(SORT_BY_ALIGNMENT(.z_init_PRE_KERNEL_1??_*)))
 .z_init_PRE_KERNEL_140_00005_
                0x0000000040007000       0x10 zephyr/drivers/interrupt_controller/libdrivers__interrupt_controller.a(intc_gicv3.c.obj)
 .z_init_PRE_KERNEL_150_00013_
                0x0000000040007010       0x10 zephyr/drivers/serial/libdrivers__serial.a(uart_pl011.c.obj)
 .z_init_PRE_KERNEL_160_0_
                0x0000000040007020       0x10 zephyr/drivers/console/libdrivers__console.a(uart_console.c.obj)
                0x0000000040007030                __init_PRE_KERNEL_2_start = .
 *(SORT_BY_NAME(SORT_BY_ALIGNMENT(.z_init_PRE_KERNEL_2?_*)))
 .z_init_PRE_KERNEL_20_0_
                0x0000000040007030       0x10 zephyr/drivers/timer/libdrivers__timer.a(arm_arch_timer.c.obj)
 *(SORT_BY_NAME(SORT_BY_ALIGNMENT(.z_init_PRE_KERNEL_2??_*)))
                0x0000000040007040                __init_POST_KERNEL_start = .
 *(SORT_BY_NAME(SORT_BY_ALIGNMENT(.z_init_POST_KERNEL?_*)))
 *(SORT_BY_NAME(SORT_BY_ALIGNMENT(.z_init_POST_KERNEL??_*)))
 .z_init_POST_KERNEL35_0_
                0x0000000040007040       0x10 zephyr/lib/libc/common/liblib__libc__common.a(malloc.c.obj)
                0x0000000040007050                __init_APPLICATION_start = .
 *(SORT_BY_NAME(SORT_BY_ALIGNMENT(.z_init_APPLICATION?_*)))
 *(SORT_BY_NAME(SORT_BY_ALIGNMENT(.z_init_APPLICATION??_*)))
                0x0000000040007050                __init_SMP_start = .
 *(SORT_BY_NAME(SORT_BY_ALIGNMENT(.z_init_SMP?_*)))
 *(SORT_BY_NAME(SORT_BY_ALIGNMENT(.z_init_SMP??_*)))
                0x0000000040007050                __init_end = .

device_area     0x0000000040007050       0x80
                0x0000000040007050                _device_list_start = .
 *(SORT_BY_NAME(SORT_BY_ALIGNMENT(._device.static.*_?_*)))
 *(SORT_BY_NAME(SORT_BY_ALIGNMENT(._device.static.*_??_*)))
 ._device.static.1_40_
                0x0000000040007050       0x40 zephyr/drivers/interrupt_controller/libdrivers__interrupt_controller.a(intc_gicv3.c.obj)
                0x0000000040007050                __device_dts_ord_5
 ._device.static.1_50_
                0x0000000040007090       0x40 zephyr/drivers/serial/libdrivers__serial.a(uart_pl011.c.obj)
                0x0000000040007090                __device_dts_ord_13
 *(SORT_BY_NAME(SORT_BY_ALIGNMENT(._device.static.*_???_*)))
 *(SORT_BY_NAME(SORT_BY_ALIGNMENT(._device.static.*_????_*)))
 *(SORT_BY_NAME(SORT_BY_ALIGNMENT(._device.static.*_?????_*)))
                0x00000000400070d0                _device_list_end = .

sw_isr_table    0x00000000400070d0      0xdc0
                0x00000000400070d0                . = ALIGN (0x4)
 *(SORT_BY_ALIGNMENT(.gnu.linkonce.sw_isr_table*))
 .gnu.linkonce.sw_isr_table
                0x00000000400070d0      0xdc0 zephyr/arch/common/libisr_tables.a(isr_tables.c.obj)
                0x00000000400070d0                _sw_isr_table

initlevel_error
                0x0000000040007000        0x0
 *(SORT_BY_NAME(SORT_BY_ALIGNMENT(.z_init_[_A-Z0-9]*)))
                0x0000000000000001                ASSERT ((SIZEOF (initlevel_error) == 0x0), Undefined initialization levels used.)

app_shmem_regions
                0x0000000040007e90        0x0
                0x0000000040007e90                __app_shmem_regions_start = .
 *(SORT_BY_NAME(SORT_BY_ALIGNMENT(.app_regions.*)))
                0x0000000040007e90                __app_shmem_regions_end = .

k_p4wq_initparam_area
                0x0000000040007e90        0x0
                0x0000000040007e90                _k_p4wq_initparam_list_start = .
 *(SORT_BY_NAME(SORT_BY_ALIGNMENT(._k_p4wq_initparam.static.*)))
                0x0000000040007e90                _k_p4wq_initparam_list_end = .

_static_thread_data_area
                0x0000000040007e90        0x0
                0x0000000040007e90                __static_thread_data_list_start = .
 *(SORT_BY_NAME(SORT_BY_ALIGNMENT(.__static_thread_data.static.*)))
                0x0000000040007e90                __static_thread_data_list_end = .

device_deps     0x0000000040007e90        0x0
                0x0000000040007e90                __device_deps_start = .
 *(SORT_BY_NAME(SORT_BY_ALIGNMENT(.__device_deps_pass2*)))
                0x0000000040007e90                __device_deps_end = .

sensor_driver_api_area
                0x0000000040007e90        0x0
                0x0000000040007e90                _sensor_driver_api_list_start = .
 *(SORT_BY_NAME(SORT_BY_ALIGNMENT(._sensor_driver_api.static.*)))
                0x0000000040007e90                _sensor_driver_api_list_end = .

blink_driver_api_area
                0x0000000040007e90        0x0
                0x0000000040007e90                _blink_driver_api_list_start = .
 *(SORT_BY_NAME(SORT_BY_ALIGNMENT(._blink_driver_api.static.*)))
                0x0000000040007e90                _blink_driver_api_list_end = .

shared_irq_driver_api_area
                0x0000000040007e90        0x0
                0x0000000040007e90                _shared_irq_driver_api_list_start = .
 *(SORT_BY_NAME(SORT_BY_ALIGNMENT(._shared_irq_driver_api.static.*)))
                0x0000000040007e90                _shared_irq_driver_api_list_end = .

crypto_driver_api_area
                0x0000000040007e90        0x0
                0x0000000040007e90                _crypto_driver_api_list_start = .
 *(SORT_BY_NAME(SORT_BY_ALIGNMENT(._crypto_driver_api.static.*)))
                0x0000000040007e90                _crypto_driver_api_list_end = .

adc_driver_api_area
                0x0000000040007e90        0x0
                0x0000000040007e90                _adc_driver_api_list_start = .
 *(SORT_BY_NAME(SORT_BY_ALIGNMENT(._adc_driver_api.static.*)))
                0x0000000040007e90                _adc_driver_api_list_end = .

auxdisplay_driver_api_area
                0x0000000040007e90        0x0
                0x0000000040007e90                _auxdisplay_driver_api_list_start = .
 *(SORT_BY_NAME(SORT_BY_ALIGNMENT(._auxdisplay_driver_api.static.*)))
                0x0000000040007e90                _auxdisplay_driver_api_list_end = .

bbram_driver_api_area
                0x0000000040007e90        0x0
                0x0000000040007e90                _bbram_driver_api_list_start = .
 *(SORT_BY_NAME(SORT_BY_ALIGNMENT(._bbram_driver_api.static.*)))
                0x0000000040007e90                _bbram_driver_api_list_end = .

bt_hci_driver_api_area
                0x0000000040007e90        0x0
                0x0000000040007e90                _bt_hci_driver_api_list_start = .
 *(SORT_BY_NAME(SORT_BY_ALIGNMENT(._bt_hci_driver_api.static.*)))
                0x0000000040007e90                _bt_hci_driver_api_list_end = .

can_driver_api_area
                0x0000000040007e90        0x0
                0x0000000040007e90                _can_driver_api_list_start = .
 *(SORT_BY_NAME(SORT_BY_ALIGNMENT(._can_driver_api.static.*)))
                0x0000000040007e90                _can_driver_api_list_end = .

cellular_driver_api_area
                0x0000000040007e90        0x0
                0x0000000040007e90                _cellular_driver_api_list_start = .
 *(SORT_BY_NAME(SORT_BY_ALIGNMENT(._cellular_driver_api.static.*)))
                0x0000000040007e90                _cellular_driver_api_list_end = .

charger_driver_api_area
                0x0000000040007e90        0x0
                0x0000000040007e90                _charger_driver_api_list_start = .
 *(SORT_BY_NAME(SORT_BY_ALIGNMENT(._charger_driver_api.static.*)))
                0x0000000040007e90                _charger_driver_api_list_end = .

clock_control_driver_api_area
                0x0000000040007e90        0x0
                0x0000000040007e90                _clock_control_driver_api_list_start = .
 *(SORT_BY_NAME(SORT_BY_ALIGNMENT(._clock_control_driver_api.static.*)))
                0x0000000040007e90                _clock_control_driver_api_list_end = .

comparator_driver_api_area
                0x0000000040007e90        0x0
                0x0000000040007e90                _comparator_driver_api_list_start = .
 *(SORT_BY_NAME(SORT_BY_ALIGNMENT(._comparator_driver_api.static.*)))
                0x0000000040007e90                _comparator_driver_api_list_end = .

coredump_driver_api_area
                0x0000000040007e90        0x0
                0x0000000040007e90                _coredump_driver_api_list_start = .
 *(SORT_BY_NAME(SORT_BY_ALIGNMENT(._coredump_driver_api.static.*)))
                0x0000000040007e90                _coredump_driver_api_list_end = .

counter_driver_api_area
                0x0000000040007e90        0x0
                0x0000000040007e90                _counter_driver_api_list_start = .
 *(SORT_BY_NAME(SORT_BY_ALIGNMENT(._counter_driver_api.static.*)))
                0x0000000040007e90                _counter_driver_api_list_end = .

dac_driver_api_area
                0x0000000040007e90        0x0
                0x0000000040007e90                _dac_driver_api_list_start = .
 *(SORT_BY_NAME(SORT_BY_ALIGNMENT(._dac_driver_api.static.*)))
                0x0000000040007e90                _dac_driver_api_list_end = .

dai_driver_api_area
                0x0000000040007e90        0x0
                0x0000000040007e90                _dai_driver_api_list_start = .
 *(SORT_BY_NAME(SORT_BY_ALIGNMENT(._dai_driver_api.static.*)))
                0x0000000040007e90                _dai_driver_api_list_end = .

display_driver_api_area
                0x0000000040007e90        0x0
                0x0000000040007e90                _display_driver_api_list_start = .
 *(SORT_BY_NAME(SORT_BY_ALIGNMENT(._display_driver_api.static.*)))
                0x0000000040007e90                _display_driver_api_list_end = .

dma_driver_api_area
                0x0000000040007e90        0x0
                0x0000000040007e90                _dma_driver_api_list_start = .
 *(SORT_BY_NAME(SORT_BY_ALIGNMENT(._dma_driver_api.static.*)))
                0x0000000040007e90                _dma_driver_api_list_end = .

edac_driver_api_area
                0x0000000040007e90        0x0
                0x0000000040007e90                _edac_driver_api_list_start = .
 *(SORT_BY_NAME(SORT_BY_ALIGNMENT(._edac_driver_api.static.*)))
                0x0000000040007e90                _edac_driver_api_list_end = .

eeprom_driver_api_area
                0x0000000040007e90        0x0
                0x0000000040007e90                _eeprom_driver_api_list_start = .
 *(SORT_BY_NAME(SORT_BY_ALIGNMENT(._eeprom_driver_api.static.*)))
                0x0000000040007e90                _eeprom_driver_api_list_end = .

emul_bbram_driver_api_area
                0x0000000040007e90        0x0
                0x0000000040007e90                _emul_bbram_driver_api_list_start = .
 *(SORT_BY_NAME(SORT_BY_ALIGNMENT(._emul_bbram_driver_api.static.*)))
                0x0000000040007e90                _emul_bbram_driver_api_list_end = .

fuel_gauge_emul_driver_api_area
                0x0000000040007e90        0x0
                0x0000000040007e90                _fuel_gauge_emul_driver_api_list_start = .
 *(SORT_BY_NAME(SORT_BY_ALIGNMENT(._fuel_gauge_emul_driver_api.static.*)))
                0x0000000040007e90                _fuel_gauge_emul_driver_api_list_end = .

emul_sensor_driver_api_area
                0x0000000040007e90        0x0
                0x0000000040007e90                _emul_sensor_driver_api_list_start = .
 *(SORT_BY_NAME(SORT_BY_ALIGNMENT(._emul_sensor_driver_api.static.*)))
                0x0000000040007e90                _emul_sensor_driver_api_list_end = .

entropy_driver_api_area
                0x0000000040007e90        0x0
                0x0000000040007e90                _entropy_driver_api_list_start = .
 *(SORT_BY_NAME(SORT_BY_ALIGNMENT(._entropy_driver_api.static.*)))
                0x0000000040007e90                _entropy_driver_api_list_end = .

espi_driver_api_area
                0x0000000040007e90        0x0
                0x0000000040007e90                _espi_driver_api_list_start = .
 *(SORT_BY_NAME(SORT_BY_ALIGNMENT(._espi_driver_api.static.*)))
                0x0000000040007e90                _espi_driver_api_list_end = .

espi_saf_driver_api_area
                0x0000000040007e90        0x0
                0x0000000040007e90                _espi_saf_driver_api_list_start = .
 *(SORT_BY_NAME(SORT_BY_ALIGNMENT(._espi_saf_driver_api.static.*)))
                0x0000000040007e90                _espi_saf_driver_api_list_end = .

flash_driver_api_area
                0x0000000040007e90        0x0
                0x0000000040007e90                _flash_driver_api_list_start = .
 *(SORT_BY_NAME(SORT_BY_ALIGNMENT(._flash_driver_api.static.*)))
                0x0000000040007e90                _flash_driver_api_list_end = .

fpga_driver_api_area
                0x0000000040007e90        0x0
                0x0000000040007e90                _fpga_driver_api_list_start = .
 *(SORT_BY_NAME(SORT_BY_ALIGNMENT(._fpga_driver_api.static.*)))
                0x0000000040007e90                _fpga_driver_api_list_end = .

fuel_gauge_driver_api_area
                0x0000000040007e90        0x0
                0x0000000040007e90                _fuel_gauge_driver_api_list_start = .
 *(SORT_BY_NAME(SORT_BY_ALIGNMENT(._fuel_gauge_driver_api.static.*)))
                0x0000000040007e90                _fuel_gauge_driver_api_list_end = .

gnss_driver_api_area
                0x0000000040007e90        0x0
                0x0000000040007e90                _gnss_driver_api_list_start = .
 *(SORT_BY_NAME(SORT_BY_ALIGNMENT(._gnss_driver_api.static.*)))
                0x0000000040007e90                _gnss_driver_api_list_end = .

gpio_driver_api_area
                0x0000000040007e90        0x0
                0x0000000040007e90                _gpio_driver_api_list_start = .
 *(SORT_BY_NAME(SORT_BY_ALIGNMENT(._gpio_driver_api.static.*)))
                0x0000000040007e90                _gpio_driver_api_list_end = .

haptics_driver_api_area
                0x0000000040007e90        0x0
                0x0000000040007e90                _haptics_driver_api_list_start = .
 *(SORT_BY_NAME(SORT_BY_ALIGNMENT(._haptics_driver_api.static.*)))
                0x0000000040007e90                _haptics_driver_api_list_end = .

hwspinlock_driver_api_area
                0x0000000040007e90        0x0
                0x0000000040007e90                _hwspinlock_driver_api_list_start = .
 *(SORT_BY_NAME(SORT_BY_ALIGNMENT(._hwspinlock_driver_api.static.*)))
                0x0000000040007e90                _hwspinlock_driver_api_list_end = .

i2c_driver_api_area
                0x0000000040007e90        0x0
                0x0000000040007e90                _i2c_driver_api_list_start = .
 *(SORT_BY_NAME(SORT_BY_ALIGNMENT(._i2c_driver_api.static.*)))
                0x0000000040007e90                _i2c_driver_api_list_end = .

i2c_target_driver_api_area
                0x0000000040007e90        0x0
                0x0000000040007e90                _i2c_target_driver_api_list_start = .
 *(SORT_BY_NAME(SORT_BY_ALIGNMENT(._i2c_target_driver_api.static.*)))
                0x0000000040007e90                _i2c_target_driver_api_list_end = .

i2s_driver_api_area
                0x0000000040007e90        0x0
                0x0000000040007e90                _i2s_driver_api_list_start = .
 *(SORT_BY_NAME(SORT_BY_ALIGNMENT(._i2s_driver_api.static.*)))
                0x0000000040007e90                _i2s_driver_api_list_end = .

i3c_driver_api_area
                0x0000000040007e90        0x0
                0x0000000040007e90                _i3c_driver_api_list_start = .
 *(SORT_BY_NAME(SORT_BY_ALIGNMENT(._i3c_driver_api.static.*)))
                0x0000000040007e90                _i3c_driver_api_list_end = .

ipm_driver_api_area
                0x0000000040007e90        0x0
                0x0000000040007e90                _ipm_driver_api_list_start = .
 *(SORT_BY_NAME(SORT_BY_ALIGNMENT(._ipm_driver_api.static.*)))
                0x0000000040007e90                _ipm_driver_api_list_end = .

led_driver_api_area
                0x0000000040007e90        0x0
                0x0000000040007e90                _led_driver_api_list_start = .
 *(SORT_BY_NAME(SORT_BY_ALIGNMENT(._led_driver_api.static.*)))
                0x0000000040007e90                _led_driver_api_list_end = .

led_strip_driver_api_area
                0x0000000040007e90        0x0
                0x0000000040007e90                _led_strip_driver_api_list_start = .
 *(SORT_BY_NAME(SORT_BY_ALIGNMENT(._led_strip_driver_api.static.*)))
                0x0000000040007e90                _led_strip_driver_api_list_end = .

lora_driver_api_area
                0x0000000040007e90        0x0
                0x0000000040007e90                _lora_driver_api_list_start = .
 *(SORT_BY_NAME(SORT_BY_ALIGNMENT(._lora_driver_api.static.*)))
                0x0000000040007e90                _lora_driver_api_list_end = .

mbox_driver_api_area
                0x0000000040007e90        0x0
                0x0000000040007e90                _mbox_driver_api_list_start = .
 *(SORT_BY_NAME(SORT_BY_ALIGNMENT(._mbox_driver_api.static.*)))
                0x0000000040007e90                _mbox_driver_api_list_end = .

mdio_driver_api_area
                0x0000000040007e90        0x0
                0x0000000040007e90                _mdio_driver_api_list_start = .
 *(SORT_BY_NAME(SORT_BY_ALIGNMENT(._mdio_driver_api.static.*)))
                0x0000000040007e90                _mdio_driver_api_list_end = .

mipi_dbi_driver_api_area
                0x0000000040007e90        0x0
                0x0000000040007e90                _mipi_dbi_driver_api_list_start = .
 *(SORT_BY_NAME(SORT_BY_ALIGNMENT(._mipi_dbi_driver_api.static.*)))
                0x0000000040007e90                _mipi_dbi_driver_api_list_end = .

mipi_dsi_driver_api_area
                0x0000000040007e90        0x0
                0x0000000040007e90                _mipi_dsi_driver_api_list_start = .
 *(SORT_BY_NAME(SORT_BY_ALIGNMENT(._mipi_dsi_driver_api.static.*)))
                0x0000000040007e90                _mipi_dsi_driver_api_list_end = .

mspi_driver_api_area
                0x0000000040007e90        0x0
                0x0000000040007e90                _mspi_driver_api_list_start = .
 *(SORT_BY_NAME(SORT_BY_ALIGNMENT(._mspi_driver_api.static.*)))
                0x0000000040007e90                _mspi_driver_api_list_end = .

peci_driver_api_area
                0x0000000040007e90        0x0
                0x0000000040007e90                _peci_driver_api_list_start = .
 *(SORT_BY_NAME(SORT_BY_ALIGNMENT(._peci_driver_api.static.*)))
                0x0000000040007e90                _peci_driver_api_list_end = .

ps2_driver_api_area
                0x0000000040007e90        0x0
                0x0000000040007e90                _ps2_driver_api_list_start = .
 *(SORT_BY_NAME(SORT_BY_ALIGNMENT(._ps2_driver_api.static.*)))
                0x0000000040007e90                _ps2_driver_api_list_end = .

ptp_clock_driver_api_area
                0x0000000040007e90        0x0
                0x0000000040007e90                _ptp_clock_driver_api_list_start = .
 *(SORT_BY_NAME(SORT_BY_ALIGNMENT(._ptp_clock_driver_api.static.*)))
                0x0000000040007e90                _ptp_clock_driver_api_list_end = .

pwm_driver_api_area
                0x0000000040007e90        0x0
                0x0000000040007e90                _pwm_driver_api_list_start = .
 *(SORT_BY_NAME(SORT_BY_ALIGNMENT(._pwm_driver_api.static.*)))
                0x0000000040007e90                _pwm_driver_api_list_end = .

regulator_parent_driver_api_area
                0x0000000040007e90        0x0
                0x0000000040007e90                _regulator_parent_driver_api_list_start = .
 *(SORT_BY_NAME(SORT_BY_ALIGNMENT(._regulator_parent_driver_api.static.*)))
                0x0000000040007e90                _regulator_parent_driver_api_list_end = .

regulator_driver_api_area
                0x0000000040007e90        0x0
                0x0000000040007e90                _regulator_driver_api_list_start = .
 *(SORT_BY_NAME(SORT_BY_ALIGNMENT(._regulator_driver_api.static.*)))
                0x0000000040007e90                _regulator_driver_api_list_end = .

reset_driver_api_area
                0x0000000040007e90        0x0
                0x0000000040007e90                _reset_driver_api_list_start = .
 *(SORT_BY_NAME(SORT_BY_ALIGNMENT(._reset_driver_api.static.*)))
                0x0000000040007e90                _reset_driver_api_list_end = .

retained_mem_driver_api_area
                0x0000000040007e90        0x0
                0x0000000040007e90                _retained_mem_driver_api_list_start = .
 *(SORT_BY_NAME(SORT_BY_ALIGNMENT(._retained_mem_driver_api.static.*)))
                0x0000000040007e90                _retained_mem_driver_api_list_end = .

rtc_driver_api_area
                0x0000000040007e90        0x0
                0x0000000040007e90                _rtc_driver_api_list_start = .
 *(SORT_BY_NAME(SORT_BY_ALIGNMENT(._rtc_driver_api.static.*)))
                0x0000000040007e90                _rtc_driver_api_list_end = .

sdhc_driver_api_area
                0x0000000040007e90        0x0
                0x0000000040007e90                _sdhc_driver_api_list_start = .
 *(SORT_BY_NAME(SORT_BY_ALIGNMENT(._sdhc_driver_api.static.*)))
                0x0000000040007e90                _sdhc_driver_api_list_end = .

smbus_driver_api_area
                0x0000000040007e90        0x0
                0x0000000040007e90                _smbus_driver_api_list_start = .
 *(SORT_BY_NAME(SORT_BY_ALIGNMENT(._smbus_driver_api.static.*)))
                0x0000000040007e90                _smbus_driver_api_list_end = .

spi_driver_api_area
                0x0000000040007e90        0x0
                0x0000000040007e90                _spi_driver_api_list_start = .
 *(SORT_BY_NAME(SORT_BY_ALIGNMENT(._spi_driver_api.static.*)))
                0x0000000040007e90                _spi_driver_api_list_end = .

stepper_driver_api_area
                0x0000000040007e90        0x0
                0x0000000040007e90                _stepper_driver_api_list_start = .
 *(SORT_BY_NAME(SORT_BY_ALIGNMENT(._stepper_driver_api.static.*)))
                0x0000000040007e90                _stepper_driver_api_list_end = .

syscon_driver_api_area
                0x0000000040007e90        0x0
                0x0000000040007e90                _syscon_driver_api_list_start = .
 *(SORT_BY_NAME(SORT_BY_ALIGNMENT(._syscon_driver_api.static.*)))
                0x0000000040007e90                _syscon_driver_api_list_end = .

tee_driver_api_area
                0x0000000040007e90        0x0
                0x0000000040007e90                _tee_driver_api_list_start = .
 *(SORT_BY_NAME(SORT_BY_ALIGNMENT(._tee_driver_api.static.*)))
                0x0000000040007e90                _tee_driver_api_list_end = .

video_driver_api_area
                0x0000000040007e90        0x0
                0x0000000040007e90                _video_driver_api_list_start = .
 *(SORT_BY_NAME(SORT_BY_ALIGNMENT(._video_driver_api.static.*)))
                0x0000000040007e90                _video_driver_api_list_end = .

w1_driver_api_area
                0x0000000040007e90        0x0
                0x0000000040007e90                _w1_driver_api_list_start = .
 *(SORT_BY_NAME(SORT_BY_ALIGNMENT(._w1_driver_api.static.*)))
                0x0000000040007e90                _w1_driver_api_list_end = .

wdt_driver_api_area
                0x0000000040007e90        0x0
                0x0000000040007e90                _wdt_driver_api_list_start = .
 *(SORT_BY_NAME(SORT_BY_ALIGNMENT(._wdt_driver_api.static.*)))
                0x0000000040007e90                _wdt_driver_api_list_end = .

can_transceiver_driver_api_area
                0x0000000040007e90        0x0
                0x0000000040007e90                _can_transceiver_driver_api_list_start = .
 *(SORT_BY_NAME(SORT_BY_ALIGNMENT(._can_transceiver_driver_api.static.*)))
                0x0000000040007e90                _can_transceiver_driver_api_list_end = .

nrf_clock_control_driver_api_area
                0x0000000040007e90        0x0
                0x0000000040007e90                _nrf_clock_control_driver_api_list_start = .
 *(SORT_BY_NAME(SORT_BY_ALIGNMENT(._nrf_clock_control_driver_api.static.*)))
                0x0000000040007e90                _nrf_clock_control_driver_api_list_end = .

i3c_target_driver_api_area
                0x0000000040007e90        0x0
                0x0000000040007e90                _i3c_target_driver_api_list_start = .
 *(SORT_BY_NAME(SORT_BY_ALIGNMENT(._i3c_target_driver_api.static.*)))
                0x0000000040007e90                _i3c_target_driver_api_list_end = .

its_driver_api_area
                0x0000000040007e90        0x0
                0x0000000040007e90                _its_driver_api_list_start = .
 *(SORT_BY_NAME(SORT_BY_ALIGNMENT(._its_driver_api.static.*)))
                0x0000000040007e90                _its_driver_api_list_end = .

vtd_driver_api_area
                0x0000000040007e90        0x0
                0x0000000040007e90                _vtd_driver_api_list_start = .
 *(SORT_BY_NAME(SORT_BY_ALIGNMENT(._vtd_driver_api.static.*)))
                0x0000000040007e90                _vtd_driver_api_list_end = .

tgpio_driver_api_area
                0x0000000040007e90        0x0
                0x0000000040007e90                _tgpio_driver_api_list_start = .
 *(SORT_BY_NAME(SORT_BY_ALIGNMENT(._tgpio_driver_api.static.*)))
                0x0000000040007e90                _tgpio_driver_api_list_end = .

pcie_ctrl_driver_api_area
                0x0000000040007e90        0x0
                0x0000000040007e90                _pcie_ctrl_driver_api_list_start = .
 *(SORT_BY_NAME(SORT_BY_ALIGNMENT(._pcie_ctrl_driver_api.static.*)))
                0x0000000040007e90                _pcie_ctrl_driver_api_list_end = .

pcie_ep_driver_api_area
                0x0000000040007e90        0x0
                0x0000000040007e90                _pcie_ep_driver_api_list_start = .
 *(SORT_BY_NAME(SORT_BY_ALIGNMENT(._pcie_ep_driver_api.static.*)))
                0x0000000040007e90                _pcie_ep_driver_api_list_end = .

svc_driver_api_area
                0x0000000040007e90        0x0
                0x0000000040007e90                _svc_driver_api_list_start = .
 *(SORT_BY_NAME(SORT_BY_ALIGNMENT(._svc_driver_api.static.*)))
                0x0000000040007e90                _svc_driver_api_list_end = .

uart_driver_api_area
                0x0000000040007e90       0x98
                0x0000000040007e90                _uart_driver_api_list_start = .
 *(SORT_BY_NAME(SORT_BY_ALIGNMENT(._uart_driver_api.static.*)))
 ._uart_driver_api.static.pl011_driver_api_
                0x0000000040007e90       0x98 zephyr/drivers/serial/libdrivers__serial.a(uart_pl011.c.obj)
                0x0000000040007f28                _uart_driver_api_list_end = .

bc12_emul_driver_api_area
                0x0000000040007f28        0x0
                0x0000000040007f28                _bc12_emul_driver_api_list_start = .
 *(SORT_BY_NAME(SORT_BY_ALIGNMENT(._bc12_emul_driver_api.static.*)))
                0x0000000040007f28                _bc12_emul_driver_api_list_end = .

bc12_driver_api_area
                0x0000000040007f28        0x0
                0x0000000040007f28                _bc12_driver_api_list_start = .
 *(SORT_BY_NAME(SORT_BY_ALIGNMENT(._bc12_driver_api.static.*)))
                0x0000000040007f28                _bc12_driver_api_list_end = .

usbc_ppc_driver_api_area
                0x0000000040007f28        0x0
                0x0000000040007f28                _usbc_ppc_driver_api_list_start = .
 *(SORT_BY_NAME(SORT_BY_ALIGNMENT(._usbc_ppc_driver_api.static.*)))
                0x0000000040007f28                _usbc_ppc_driver_api_list_end = .

tcpc_driver_api_area
                0x0000000040007f28        0x0
                0x0000000040007f28                _tcpc_driver_api_list_start = .
 *(SORT_BY_NAME(SORT_BY_ALIGNMENT(._tcpc_driver_api.static.*)))
                0x0000000040007f28                _tcpc_driver_api_list_end = .

usbc_vbus_driver_api_area
                0x0000000040007f28        0x0
                0x0000000040007f28                _usbc_vbus_driver_api_list_start = .
 *(SORT_BY_NAME(SORT_BY_ALIGNMENT(._usbc_vbus_driver_api.static.*)))
                0x0000000040007f28                _usbc_vbus_driver_api_list_end = .

ivshmem_driver_api_area
                0x0000000040007f28        0x0
                0x0000000040007f28                _ivshmem_driver_api_list_start = .
 *(SORT_BY_NAME(SORT_BY_ALIGNMENT(._ivshmem_driver_api.static.*)))
                0x0000000040007f28                _ivshmem_driver_api_list_end = .

ethphy_driver_api_area
                0x0000000040007f28        0x0
                0x0000000040007f28                _ethphy_driver_api_list_start = .
 *(SORT_BY_NAME(SORT_BY_ALIGNMENT(._ethphy_driver_api.static.*)))
                0x0000000040007f28                _ethphy_driver_api_list_end = .

ztest           0x0000000040007f28        0x0
                0x0000000040007f28                _ztest_expected_result_entry_list_start = .
 *(SORT_BY_NAME(SORT_BY_ALIGNMENT(._ztest_expected_result_entry.static.*)))
                0x0000000040007f28                _ztest_expected_result_entry_list_end = .
                0x0000000040007f28                _ztest_suite_node_list_start = .
 *(SORT_BY_NAME(SORT_BY_ALIGNMENT(._ztest_suite_node.static.*)))
                0x0000000040007f28                _ztest_suite_node_list_end = .
                0x0000000040007f28                _ztest_unit_test_list_start = .
 *(SORT_BY_NAME(SORT_BY_ALIGNMENT(._ztest_unit_test.static.*)))
                0x0000000040007f28                _ztest_unit_test_list_end = .
                0x0000000040007f28                _ztest_test_rule_list_start = .
 *(SORT_BY_NAME(SORT_BY_ALIGNMENT(._ztest_test_rule.static.*)))
                0x0000000040007f28                _ztest_test_rule_list_end = .

init_array      0x0000000040007f28        0x0
 *(SORT_BY_NAME(SORT_BY_ALIGNMENT(.ctors*)))
 *(SORT_BY_NAME(SORT_BY_ALIGNMENT(.init_array*)))
                0x0000000000000001                ASSERT ((SIZEOF (init_array) == 0x0), GNU-style constructors required but STATIC_INIT_GNU not enabled)

bt_l2cap_fixed_chan_area
                0x0000000040007f28        0x0
                0x0000000040007f28                _bt_l2cap_fixed_chan_list_start = .
 *(SORT_BY_NAME(SORT_BY_ALIGNMENT(._bt_l2cap_fixed_chan.static.*)))
                0x0000000040007f28                _bt_l2cap_fixed_chan_list_end = .

bt_gatt_service_static_area
                0x0000000040007f28        0x0
                0x0000000040007f28                _bt_gatt_service_static_list_start = .
 *(SORT_BY_NAME(SORT_BY_ALIGNMENT(._bt_gatt_service_static.static.*)))
                0x0000000040007f28                _bt_gatt_service_static_list_end = .

log_strings_area
                0x0000000040007f28        0x0
                0x0000000040007f28                _log_strings_list_start = .
 *(SORT_BY_NAME(SORT_BY_ALIGNMENT(._log_strings.static.*)))
                0x0000000040007f28                _log_strings_list_end = .

log_stmesp_ptr_area
                0x0000000040007f28        0x0
                0x0000000040007f28                _log_stmesp_ptr_list_start = .
 *(SORT_BY_NAME(SORT_BY_ALIGNMENT(._log_stmesp_ptr.static.*)))
                0x0000000040007f28                _log_stmesp_ptr_list_end = .

log_stmesp_str_area
                0x0000000040007f28        0x0
                0x0000000040007f28                _log_stmesp_str_list_start = .
 *(SORT_BY_NAME(SORT_BY_ALIGNMENT(._log_stmesp_str.static.*)))
                0x0000000040007f28                _log_stmesp_str_list_end = .

log_const_area  0x0000000040007f28        0x0
                0x0000000040007f28                _log_const_list_start = .
 *(SORT_BY_NAME(SORT_BY_ALIGNMENT(._log_const.static.*)))
                0x0000000040007f28                _log_const_list_end = .

log_backend_area
                0x0000000040007f28        0x0
                0x0000000040007f28                _log_backend_list_start = .
 *(SORT_BY_NAME(SORT_BY_ALIGNMENT(._log_backend.static.*)))
                0x0000000040007f28                _log_backend_list_end = .

log_link_area   0x0000000040007f28        0x0
                0x0000000040007f28                _log_link_list_start = .
 *(SORT_BY_NAME(SORT_BY_ALIGNMENT(._log_link.static.*)))
                0x0000000040007f28                _log_link_list_end = .

tracing_backend_area
                0x0000000040007f28        0x0
                0x0000000040007f28                _tracing_backend_list_start = .
 *(SORT_BY_NAME(SORT_BY_ALIGNMENT(._tracing_backend.static.*)))
                0x0000000040007f28                _tracing_backend_list_end = .

zephyr_dbg_info
 *(SORT_BY_ALIGNMENT(.dbg_thread_info))

intc_table_area
                0x0000000040007f28        0x0
                0x0000000040007f28                _intc_table_list_start = .
 *(SORT_BY_NAME(SORT_BY_ALIGNMENT(._intc_table.static.*)))
                0x0000000040007f28                _intc_table_list_end = .

symbol_to_keep  0x0000000040007f28        0x0
                0x0000000040007f28                __symbol_to_keep_start = .
 *(SORT_BY_NAME(SORT_BY_ALIGNMENT(.symbol_to_keep*)))
                0x0000000040007f28                __symbol_to_keep_end = .

shell_area      0x0000000040007f28        0x0
                0x0000000040007f28                _shell_list_start = .
 *(SORT_BY_NAME(SORT_BY_ALIGNMENT(._shell.static.*)))
                0x0000000040007f28                _shell_list_end = .

shell_root_cmds_area
                0x0000000040007f28        0x0
                0x0000000040007f28                _shell_root_cmds_list_start = .
 *(SORT_BY_NAME(SORT_BY_ALIGNMENT(._shell_root_cmds.static.*)))
                0x0000000040007f28                _shell_root_cmds_list_end = .

shell_subcmds_area
                0x0000000040007f28        0x0
                0x0000000040007f28                _shell_subcmds_list_start = .
 *(SORT_BY_NAME(SORT_BY_ALIGNMENT(._shell_subcmds.static.*)))
                0x0000000040007f28                _shell_subcmds_list_end = .

shell_dynamic_subcmds_area
                0x0000000040007f28        0x0
                0x0000000040007f28                _shell_dynamic_subcmds_list_start = .
 *(SORT_BY_NAME(SORT_BY_ALIGNMENT(._shell_dynamic_subcmds.static.*)))
                0x0000000040007f28                _shell_dynamic_subcmds_list_end = .

cfb_font_area   0x0000000040007f28        0x0
                0x0000000040007f28                _cfb_font_list_start = .
 *(SORT_BY_NAME(SORT_BY_ALIGNMENT(._cfb_font.static.*)))
                0x0000000040007f28                _cfb_font_list_end = .

tdata           0x0000000040007f28        0x0
 *(SORT_BY_ALIGNMENT(.tdata) SORT_BY_ALIGNMENT(.tdata.*) SORT_BY_ALIGNMENT(.gnu.linkonce.td.*))

tbss            0x0000000040007f28        0x8
 *(SORT_BY_ALIGNMENT(.tbss) SORT_BY_ALIGNMENT(.tbss.*) SORT_BY_ALIGNMENT(.gnu.linkonce.tb.*) SORT_BY_ALIGNMENT(.tcommon))
 .tbss.z_tls_current
                0x0000000040007f28        0x8 zephyr/libzephyr.a(thread_entry.c.obj)
                0x0000000040007f28                z_tls_current
                0x0000000040007f28                PROVIDE (__tdata_start = ADDR (tdata))
                0x0000000000000001                PROVIDE (__tdata_align = ALIGNOF (tdata))
                0x0000000000000000                PROVIDE (__tdata_size = (((SIZEOF (tdata) + __tdata_align) - 0x1) & ~ ((__tdata_align - 0x1))))
                [!provide]                        PROVIDE (__tdata_end = (__tdata_start + __tdata_size))
                0x0000000000000008                PROVIDE (__tbss_align = ALIGNOF (tbss))
                [!provide]                        PROVIDE (__tbss_start = ADDR (tbss))
                0x0000000000000008                PROVIDE (__tbss_size = (((SIZEOF (tbss) + __tbss_align) - 0x1) & ~ ((__tbss_align - 0x1))))
                [!provide]                        PROVIDE (__tbss_end = (__tbss_start + __tbss_size))
                [!provide]                        PROVIDE (__tls_start = __tdata_start)
                [!provide]                        PROVIDE (__tls_end = __tbss_end)
                [!provide]                        PROVIDE (__tls_size = (__tbss_end - __tdata_start))

rodata          0x0000000040007f28      0x81f
 *(SORT_BY_ALIGNMENT(.rodata))
 *(SORT_BY_ALIGNMENT(.rodata.*))
 .rodata.mmu_config
                0x0000000040007f28       0x10 zephyr/libzephyr.a(mmu_regions.c.obj)
                0x0000000040007f28                mmu_config
 .rodata.mmu_regions
                0x0000000040007f38       0x50 zephyr/libzephyr.a(mmu_regions.c.obj)
 .rodata.mmu_zephyr_ranges
                0x0000000040007f88       0x60 zephyr/arch/arch/arm64/core/libarch__arm64__core.a(mmu.c.obj)
 .rodata.levels.0
                0x0000000040007fe8       0x30 zephyr/kernel/libkernel.a(init.c.obj)
 .rodata.DOUBLE_POW5_TABLE
                0x0000000040008018       0xd0 /Users/kaiquecipola/zephyr-sdk-0.17.0/aarch64-zephyr-elf/bin/../lib/gcc/../../picolibc/aarch64-zephyr-elf/lib/./libc.a(libc_tinystdio_ryu_table.c.o)
 .rodata.DOUBLE_POW5_SPLIT2
                0x00000000400080e8       0xd0 /Users/kaiquecipola/zephyr-sdk-0.17.0/aarch64-zephyr-elf/bin/../lib/gcc/../../picolibc/aarch64-zephyr-elf/lib/./libc.a(libc_tinystdio_ryu_table.c.o)
 .rodata.DOUBLE_POW5_INV_SPLIT2
                0x00000000400081b8       0xf0 /Users/kaiquecipola/zephyr-sdk-0.17.0/aarch64-zephyr-elf/bin/../lib/gcc/../../picolibc/aarch64-zephyr-elf/lib/./libc.a(libc_tinystdio_ryu_table.c.o)
 .rodata.POW5_OFFSETS
                0x00000000400082a8       0x54 /Users/kaiquecipola/zephyr-sdk-0.17.0/aarch64-zephyr-elf/bin/../lib/gcc/../../picolibc/aarch64-zephyr-elf/lib/./libc.a(libc_tinystdio_ryu_table.c.o)
 .rodata.POW5_INV_OFFSETS
                0x00000000400082fc       0x54 /Users/kaiquecipola/zephyr-sdk-0.17.0/aarch64-zephyr-elf/bin/../lib/gcc/../../picolibc/aarch64-zephyr-elf/lib/./libc.a(libc_tinystdio_ryu_table.c.o)
 .rodata.CSWTCH.76
                0x0000000040008350        0xc zephyr/arch/arch/arm64/core/libarch__arm64__core.a(mmu.c.obj)
 .rodata.display_raptor_logo.str1.1
                0x000000004000835c      0x32e app/libapp.a(main.c.obj)
                                        0x330 (size before relaxing)
 .rodata.main.str1.1
                0x000000004000868a       0x1b app/libapp.a(main.c.obj)
 .rodata.str1.1
                0x00000000400086a5        0x4 zephyr/libzephyr.a(mmu_regions.c.obj)
 .rodata.str1.1
                0x00000000400086a9       0x26 zephyr/arch/arch/arm64/core/libarch__arm64__core.a(mmu.c.obj)
 .rodata.str1.1
                0x00000000400086cf       0x1d zephyr/drivers/interrupt_controller/libdrivers__interrupt_controller.a(intc_gicv3.c.obj)
 .rodata.str1.1
                0x00000000400086ec        0xd zephyr/drivers/serial/libdrivers__serial.a(uart_pl011.c.obj)
 .rodata.z_cstart.str1.1
                0x00000000400086f9        0x5 zephyr/kernel/libkernel.a(init.c.obj)
 .rodata.boot_banner.str1.1
                0x00000000400086fe       0x3a zephyr/kernel/libkernel.a(banner.c.obj)
 .rodata.vfprintf.str1.1
                0x0000000040008738        0xf /Users/kaiquecipola/zephyr-sdk-0.17.0/aarch64-zephyr-elf/bin/../lib/gcc/../../picolibc/aarch64-zephyr-elf/lib/./libc.a(libc_tinystdio_vfprintf.c.o)
 *(SORT_BY_ALIGNMENT(.gnu.linkonce.r.*))
 *(SORT_BY_ALIGNMENT(.got))
 *(SORT_BY_ALIGNMENT(.got.plt))
                0x0000000040009000                . = ALIGN (_region_min_align)
                0x0000000040009000                __rodata_region_end = .
                0x0000000000002000                __rodata_region_size = (__rodata_region_end - __rodata_region_start)
                0x0000000040009000                __rom_region_end = .

/DISCARD/
 *(SORT_BY_ALIGNMENT(.igot.plt))
 *(SORT_BY_ALIGNMENT(.igot))
                0x0000000040009000                . = ALIGN (_region_min_align)
                0x0000000040009000                _image_ram_start = .
                0x0000000040009000                __kernel_ram_start = .
                0x0000000040009000                __data_region_start = .

datas           0x0000000040008748      0x960
                0x0000000040009000                . = ALIGN (_region_min_align)
 *fill*         0x0000000040008748      0x8b8 
                0x0000000040009000                __data_start = .
 *(SORT_BY_ALIGNMENT(.data))
 *(SORT_BY_ALIGNMENT(.data.*))
 .data._char_out
                0x0000000040009000        0x8 zephyr/libzephyr.a(printk.c.obj)
 .data.__stdout
                0x0000000040009008       0x20 zephyr/lib/libc/picolibc/liblib__libc__picolibc.a(stdio.c.obj)
 .data.pl011_data_port_0
                0x0000000040009028       0x30 zephyr/drivers/serial/libdrivers__serial.a(uart_pl011.c.obj)
 .data.pl011_cfg_port_0
                0x0000000040009058       0x30 zephyr/drivers/serial/libdrivers__serial.a(uart_pl011.c.obj)
 .data.timeout_list
                0x0000000040009088       0x10 zephyr/kernel/libkernel.a(timeout.c.obj)
 .data.virt_region_bitmap
                0x0000000040009098       0x10 zephyr/kernel/libkernel.a(mmu.c.obj)
 *(SORT_BY_ALIGNMENT(.kernel.*))
                0x00000000400090a8                __data_end = .
                0x00000000000000a8                __data_size = (__data_end - __data_start)
                0x0000000040008748                __data_load_start = LOADADDR (datas)

device_states   0x00000000400090a8        0x4
                0x00000000400090a8                __device_states_start = .
 *(SORT_BY_ALIGNMENT(.z_devstate))
 .z_devstate    0x00000000400090a8        0x2 zephyr/drivers/interrupt_controller/libdrivers__interrupt_controller.a(intc_gicv3.c.obj)
 .z_devstate    0x00000000400090aa        0x2 zephyr/drivers/serial/libdrivers__serial.a(uart_pl011.c.obj)
 *(SORT_BY_ALIGNMENT(.z_devstate.*))
                0x00000000400090ac                __device_states_end = .

log_mpsc_pbuf_area
                0x00000000400090ac        0x0
                0x00000000400090ac                _log_mpsc_pbuf_list_start = .
 *(SORT_BY_NAME(SORT_BY_ALIGNMENT(._log_mpsc_pbuf.static.*)))
                0x00000000400090ac                _log_mpsc_pbuf_list_end = .

log_msg_ptr_area
                0x00000000400090ac        0x0
                0x00000000400090ac                _log_msg_ptr_list_start = .
 *(SORT_BY_NAME(SORT_BY_ALIGNMENT(._log_msg_ptr.static.*)))
                0x00000000400090ac                _log_msg_ptr_list_end = .

log_dynamic_area
                0x00000000400090ac        0x0
                0x00000000400090ac                _log_dynamic_list_start = .
 *(SORT_BY_NAME(SORT_BY_ALIGNMENT(._log_dynamic.static.*)))
                0x00000000400090ac                _log_dynamic_list_end = .

k_timer_area    0x00000000400090ac        0x0
                0x00000000400090ac                _k_timer_list_start = .
 *(SORT_BY_NAME(SORT_BY_ALIGNMENT(._k_timer.static.*)))
                0x00000000400090ac                _k_timer_list_end = .

k_mem_slab_area
                0x00000000400090ac        0x0
                0x00000000400090ac                _k_mem_slab_list_start = .
 *(SORT_BY_NAME(SORT_BY_ALIGNMENT(._k_mem_slab.static.*)))
                0x00000000400090ac                _k_mem_slab_list_end = .

k_heap_area     0x00000000400090ac        0x0
                0x00000000400090ac                _k_heap_list_start = .
 *(SORT_BY_NAME(SORT_BY_ALIGNMENT(._k_heap.static.*)))
                0x00000000400090ac                _k_heap_list_end = .

k_mutex_area    0x00000000400090ac        0x0
                0x00000000400090ac                _k_mutex_list_start = .
 *(SORT_BY_NAME(SORT_BY_ALIGNMENT(._k_mutex.static.*)))
                0x00000000400090ac                _k_mutex_list_end = .

k_stack_area    0x00000000400090ac        0x0
                0x00000000400090ac                _k_stack_list_start = .
 *(SORT_BY_NAME(SORT_BY_ALIGNMENT(._k_stack.static.*)))
                0x00000000400090ac                _k_stack_list_end = .

k_msgq_area     0x00000000400090ac        0x0
                0x00000000400090ac                _k_msgq_list_start = .
 *(SORT_BY_NAME(SORT_BY_ALIGNMENT(._k_msgq.static.*)))
                0x00000000400090ac                _k_msgq_list_end = .

k_mbox_area     0x00000000400090ac        0x0
                0x00000000400090ac                _k_mbox_list_start = .
 *(SORT_BY_NAME(SORT_BY_ALIGNMENT(._k_mbox.static.*)))
                0x00000000400090ac                _k_mbox_list_end = .

k_pipe_area     0x00000000400090ac        0x0
                0x00000000400090ac                _k_pipe_list_start = .
 *(SORT_BY_NAME(SORT_BY_ALIGNMENT(._k_pipe.static.*)))
                0x00000000400090ac                _k_pipe_list_end = .

k_sem_area      0x00000000400090ac        0x0
                0x00000000400090ac                _k_sem_list_start = .
 *(SORT_BY_NAME(SORT_BY_ALIGNMENT(._k_sem.static.*)))
                0x00000000400090ac                _k_sem_list_end = .

k_event_area    0x00000000400090ac        0x0
                0x00000000400090ac                _k_event_list_start = .
 *(SORT_BY_NAME(SORT_BY_ALIGNMENT(._k_event.static.*)))
                0x00000000400090ac                _k_event_list_end = .

k_queue_area    0x00000000400090ac        0x0
                0x00000000400090ac                _k_queue_list_start = .
 *(SORT_BY_NAME(SORT_BY_ALIGNMENT(._k_queue.static.*)))
                0x00000000400090ac                _k_queue_list_end = .

k_fifo_area     0x00000000400090ac        0x0
                0x00000000400090ac                _k_fifo_list_start = .
 *(SORT_BY_NAME(SORT_BY_ALIGNMENT(._k_fifo.static.*)))
                0x00000000400090ac                _k_fifo_list_end = .

k_lifo_area     0x00000000400090ac        0x0
                0x00000000400090ac                _k_lifo_list_start = .
 *(SORT_BY_NAME(SORT_BY_ALIGNMENT(._k_lifo.static.*)))
                0x00000000400090ac                _k_lifo_list_end = .

k_condvar_area  0x00000000400090ac        0x0
                0x00000000400090ac                _k_condvar_list_start = .
 *(SORT_BY_NAME(SORT_BY_ALIGNMENT(._k_condvar.static.*)))
                0x00000000400090ac                _k_condvar_list_end = .

sys_mem_blocks_ptr_area
                0x00000000400090ac        0x0
                0x00000000400090ac                _sys_mem_blocks_ptr_list_start = .
 *(SORT_BY_NAME(SORT_BY_ALIGNMENT(._sys_mem_blocks_ptr.static.*)))
                0x00000000400090ac                _sys_mem_blocks_ptr_list_end = .

net_buf_pool_area
                0x00000000400090ac        0x0
                0x00000000400090ac                _net_buf_pool_list_start = .
 *(SORT_BY_NAME(SORT_BY_ALIGNMENT(._net_buf_pool.static.*)))
                0x00000000400090ac                _net_buf_pool_list_end = .
                0x00000000400090ac                __data_region_end = .
                0x0000000040008748                __data_region_load_start = LOADADDR (datas)

bss             0x000000004000a000    0x49b43
                0x000000004000a000                . = ALIGN (0x8)
                0x000000004000a000                __bss_start = .
 *(SORT_BY_ALIGNMENT(.bss))
 .bss           0x000000004000a000        0x1 /Users/kaiquecipola/zephyr-sdk-0.17.0/aarch64-zephyr-elf/bin/../lib/gcc/aarch64-zephyr-elf/12.2.0/libgcc.a(lse-init.o)
                0x000000004000a000                __aarch64_have_lse_atomics
 *(SORT_BY_ALIGNMENT(.bss.*))
 *fill*         0x000000004000a001      0xfff 
 .bss.xlat_tables
                0x000000004000b000     0x8000 zephyr/arch/arch/arm64/core/libarch__arm64__core.a(mmu.c.obj)
 .bss.z_idle_threads
                0x0000000040013000      0x310 zephyr/kernel/libkernel.a(init.c.obj)
                0x0000000040013000                z_idle_threads
 .bss.z_main_thread
                0x0000000040013310      0x310 zephyr/kernel/libkernel.a(init.c.obj)
                0x0000000040013310                z_main_thread
 .bss._thread_dummy
                0x0000000040013620      0x310 zephyr/kernel/libkernel.a(sched.c.obj)
                0x0000000040013620                _thread_dummy
 .bss.kernel_ptables
                0x0000000040013930       0x10 zephyr/arch/arch/arm64/core/libarch__arm64__core.a(mmu.c.obj)
 .bss.dcache_line_size
                0x0000000040013940        0x8 zephyr/arch/arch/arm64/core/libarch__arm64__core.a(mmu.c.obj)
 .bss._stdout_hook
                0x0000000040013948        0x8 zephyr/lib/libc/picolibc/liblib__libc__picolibc.a(stdio.c.obj)
 .bss.z_malloc_heap
                0x0000000040013950       0x18 zephyr/lib/libc/common/liblib__libc__common.a(malloc.c.obj)
 .bss.gic_rdists
                0x0000000040013968        0x8 zephyr/drivers/interrupt_controller/libdrivers__interrupt_controller.a(intc_gicv3.c.obj)
                0x0000000040013968                gic_rdists
 .bss.last_tick
                0x0000000040013970        0x8 zephyr/drivers/timer/libdrivers__timer.a(arm_arch_timer.c.obj)
 .bss.last_cycle
                0x0000000040013978        0x8 zephyr/drivers/timer/libdrivers__timer.a(arm_arch_timer.c.obj)
 .bss._kernel   0x0000000040013980       0x50 zephyr/kernel/libkernel.a(init.c.obj)
                0x0000000040013980                _kernel
 .bss.slice_timeouts
                0x00000000400139d0       0x20 zephyr/kernel/libkernel.a(timeslicing.c.obj)
 .bss.curr_tick
                0x00000000400139f0        0x8 zephyr/kernel/libkernel.a(timeout.c.obj)
 .bss.z_free_page_count
                0x00000000400139f8        0x8 zephyr/kernel/libkernel.a(mmu.c.obj)
 .bss.free_page_frame_list
                0x0000000040013a00       0x10 zephyr/kernel/libkernel.a(mmu.c.obj)
 .bss.k_mem_page_frames
                0x0000000040013a10    0x40000 zephyr/kernel/libkernel.a(mmu.c.obj)
                0x0000000040013a10                k_mem_page_frames
 .bss.xlat_use_count
                0x0000000040053a10       0x20 zephyr/arch/arch/arm64/core/libarch__arm64__core.a(mmu.c.obj)
 .bss.last_elapsed
                0x0000000040053a30        0x4 zephyr/drivers/timer/libdrivers__timer.a(arm_arch_timer.c.obj)
 .bss.slice_max_prio
                0x0000000040053a34        0x4 zephyr/kernel/libkernel.a(timeslicing.c.obj)
 .bss.slice_ticks
                0x0000000040053a38        0x4 zephyr/kernel/libkernel.a(timeslicing.c.obj)
 .bss.announce_remaining
                0x0000000040053a3c        0x4 zephyr/kernel/libkernel.a(timeout.c.obj)
 .bss._sys_bitarray_bundles_virt_region_bitmap
                0x0000000040053a40      0x100 zephyr/kernel/libkernel.a(mmu.c.obj)
 .bss.z_sys_post_kernel
                0x0000000040053b40        0x1 zephyr/kernel/libkernel.a(init.c.obj)
                0x0000000040053b40                z_sys_post_kernel
 .bss._sched_spinlock
                0x0000000040053b41        0x0 zephyr/kernel/libkernel.a(sched.c.obj)
                0x0000000040053b41                _sched_spinlock
 .bss.slice_expired
                0x0000000040053b41        0x1 zephyr/kernel/libkernel.a(timeslicing.c.obj)
 .bss.virt_region_inited
                0x0000000040053b42        0x1 zephyr/kernel/libkernel.a(mmu.c.obj)
 *(SORT_BY_ALIGNMENT(COMMON))
 *(SORT_BY_ALIGNMENT(.kernel_bss.*))
                0x0000000040053b48                __bss_end = ALIGN (0x8)

noinit          0x0000000040053b50     0x7000
 *(SORT_BY_ALIGNMENT(.noinit))
 *(SORT_BY_ALIGNMENT(.noinit.*))
 .noinit."WEST_TOPDIR/zephyr/kernel/init.c".2
                0x0000000040053b50     0x1000 zephyr/kernel/libkernel.a(init.c.obj)
                0x0000000040053b50                z_interrupt_stacks
 .noinit."WEST_TOPDIR/zephyr/kernel/init.c".1
                0x0000000040054b50     0x1000 zephyr/kernel/libkernel.a(init.c.obj)
 .noinit."WEST_TOPDIR/zephyr/kernel/init.c".0
                0x0000000040055b50     0x1000 zephyr/kernel/libkernel.a(init.c.obj)
                0x0000000040055b50                z_main_stack
 .noinit."WEST_TOPDIR/zephyr/lib/libc/common/source/stdlib/malloc.c".0
                0x0000000040056b50     0x4000 zephyr/lib/libc/common/liblib__libc__common.a(malloc.c.obj)
                0x0000000048000000                __kernel_ram_end = 0x48000000
                0x0000000007ff7000                __kernel_ram_size = (__kernel_ram_end - __kernel_ram_start)

.intList        0x00000000ffff8000       0x38
 *(SORT_BY_ALIGNMENT(.irq_info*))
 .irq_info      0x00000000ffff8000        0x8 zephyr/arch/common/libisr_tables.a(isr_tables.c.obj)
                0x00000000ffff8000                _iheader
 *(SORT_BY_ALIGNMENT(.intList*))
 .intList       0x00000000ffff8008       0x18 zephyr/drivers/serial/libdrivers__serial.a(uart_pl011.c.obj)
 .intList       0x00000000ffff8020       0x18 zephyr/drivers/timer/libdrivers__timer.a(arm_arch_timer.c.obj)

.last_ram_section
                0x000000004005ab50      0x4b0
                0x000000004005b000                . = ALIGN (_region_min_align)
 *fill*         0x000000004005ab50      0x4b0 
                0x000000004005b000                _image_ram_end = .
                0x0000000000052000                _image_ram_size = (_image_ram_end - _image_ram_start)
                0x000000004005b000                _end = .
                0x000000004005b000                z_mapped_end = .

.stab
 *(SORT_BY_ALIGNMENT(.stab))

.stabstr
 *(SORT_BY_ALIGNMENT(.stabstr))

.stab.excl
 *(SORT_BY_ALIGNMENT(.stab.excl))

.stab.exclstr
 *(SORT_BY_ALIGNMENT(.stab.exclstr))

.stab.index
 *(SORT_BY_ALIGNMENT(.stab.index))

.stab.indexstr
 *(SORT_BY_ALIGNMENT(.stab.indexstr))

.gnu.build.attributes
 *(SORT_BY_ALIGNMENT(.gnu.build.attributes) SORT_BY_ALIGNMENT(.gnu.build.attributes.*))

.comment        0x0000000000000000       0x20
 *(SORT_BY_ALIGNMENT(.comment))
 .comment       0x0000000000000000       0x20 zephyr/CMakeFiles/offsets.dir/./arch/arm64/core/offsets/offsets.c.obj
                                         0x21 (size before relaxing)
 .comment       0x0000000000000020       0x21 app/libapp.a(main.c.obj)
 .comment       0x0000000000000020       0x21 zephyr/libzephyr.a(heap.c.obj)
 .comment       0x0000000000000020       0x21 zephyr/libzephyr.a(printk.c.obj)
 .comment       0x0000000000000020       0x21 zephyr/libzephyr.a(thread_entry.c.obj)
 .comment       0x0000000000000020       0x21 zephyr/libzephyr.a(bitarray.c.obj)
 .comment       0x0000000000000020       0x21 zephyr/libzephyr.a(configs.c.obj)
 .comment       0x0000000000000020       0x21 zephyr/libzephyr.a(mmu_regions.c.obj)
 .comment       0x0000000000000020       0x21 zephyr/arch/arch/arm64/core/libarch__arm64__core.a(fatal.c.obj)
 .comment       0x0000000000000020       0x21 zephyr/arch/arch/arm64/core/libarch__arm64__core.a(irq_init.c.obj)
 .comment       0x0000000000000020       0x21 zephyr/arch/arch/arm64/core/libarch__arm64__core.a(irq_manage.c.obj)
 .comment       0x0000000000000020       0x21 zephyr/arch/arch/arm64/core/libarch__arm64__core.a(prep_c.c.obj)
 .comment       0x0000000000000020       0x21 zephyr/arch/arch/arm64/core/libarch__arm64__core.a(reset.c.obj)
 .comment       0x0000000000000020       0x21 zephyr/arch/arch/arm64/core/libarch__arm64__core.a(thread.c.obj)
 .comment       0x0000000000000020       0x21 zephyr/arch/arch/arm64/core/libarch__arm64__core.a(fpu.c.obj)
 .comment       0x0000000000000020       0x21 zephyr/arch/arch/arm64/core/libarch__arm64__core.a(mmu.c.obj)
 .comment       0x0000000000000020       0x21 zephyr/arch/arch/arm64/core/libarch__arm64__core.a(tls.c.obj)
 .comment       0x0000000000000020       0x21 zephyr/lib/libc/picolibc/liblib__libc__picolibc.a(stdio.c.obj)
 .comment       0x0000000000000020       0x21 zephyr/lib/libc/common/liblib__libc__common.a(malloc.c.obj)
 .comment       0x0000000000000020       0x21 zephyr/drivers/interrupt_controller/libdrivers__interrupt_controller.a(intc_gicv3.c.obj)
 .comment       0x0000000000000020       0x21 zephyr/drivers/console/libdrivers__console.a(uart_console.c.obj)
 .comment       0x0000000000000020       0x21 zephyr/drivers/serial/libdrivers__serial.a(uart_pl011.c.obj)
 .comment       0x0000000000000020       0x21 zephyr/drivers/timer/libdrivers__timer.a(arm_arch_timer.c.obj)
 .comment       0x0000000000000020       0x21 zephyr/kernel/libkernel.a(device.c.obj)
 .comment       0x0000000000000020       0x21 zephyr/kernel/libkernel.a(fatal.c.obj)
 .comment       0x0000000000000020       0x21 zephyr/kernel/libkernel.a(init.c.obj)
 .comment       0x0000000000000020       0x21 zephyr/kernel/libkernel.a(init_static.c.obj)
 .comment       0x0000000000000020       0x21 zephyr/kernel/libkernel.a(idle.c.obj)
 .comment       0x0000000000000020       0x21 zephyr/kernel/libkernel.a(thread.c.obj)
 .comment       0x0000000000000020       0x21 zephyr/kernel/libkernel.a(sched.c.obj)
 .comment       0x0000000000000020       0x21 zephyr/kernel/libkernel.a(timeslicing.c.obj)